Archive member included to satisfy reference by file (symbol)

c:/st/stm32cubeide_1.7.0/stm32cubeide/plugins/com.st.stm32cube.ide.mcu.externaltools.gnu-tools-for-stm32.9-2020-q2-update.win32_2.0.0.202105311346/tools/bin/../lib/gcc/arm-none-eabi/9.3.1/../../../../arm-none-eabi/lib/thumb/v7e-m+fp/hard\libc_nano.a(lib_a-errno.o)
                              ./Core/Src/syscalls.o (__errno)
c:/st/stm32cubeide_1.7.0/stm32cubeide/plugins/com.st.stm32cube.ide.mcu.externaltools.gnu-tools-for-stm32.9-2020-q2-update.win32_2.0.0.202105311346/tools/bin/../lib/gcc/arm-none-eabi/9.3.1/../../../../arm-none-eabi/lib/thumb/v7e-m+fp/hard\libc_nano.a(lib_a-exit.o)
                              c:/st/stm32cubeide_1.7.0/stm32cubeide/plugins/com.st.stm32cube.ide.mcu.externaltools.gnu-tools-for-stm32.9-2020-q2-update.win32_2.0.0.202105311346/tools/bin/../lib/gcc/arm-none-eabi/9.3.1/../../../../arm-none-eabi/lib/thumb/v7e-m+fp/hard/crt0.o (exit)
c:/st/stm32cubeide_1.7.0/stm32cubeide/plugins/com.st.stm32cube.ide.mcu.externaltools.gnu-tools-for-stm32.9-2020-q2-update.win32_2.0.0.202105311346/tools/bin/../lib/gcc/arm-none-eabi/9.3.1/../../../../arm-none-eabi/lib/thumb/v7e-m+fp/hard\libc_nano.a(lib_a-impure.o)
                              c:/st/stm32cubeide_1.7.0/stm32cubeide/plugins/com.st.stm32cube.ide.mcu.externaltools.gnu-tools-for-stm32.9-2020-q2-update.win32_2.0.0.202105311346/tools/bin/../lib/gcc/arm-none-eabi/9.3.1/../../../../arm-none-eabi/lib/thumb/v7e-m+fp/hard\libc_nano.a(lib_a-exit.o) (_global_impure_ptr)
c:/st/stm32cubeide_1.7.0/stm32cubeide/plugins/com.st.stm32cube.ide.mcu.externaltools.gnu-tools-for-stm32.9-2020-q2-update.win32_2.0.0.202105311346/tools/bin/../lib/gcc/arm-none-eabi/9.3.1/../../../../arm-none-eabi/lib/thumb/v7e-m+fp/hard\libc_nano.a(lib_a-init.o)
                              c:/st/stm32cubeide_1.7.0/stm32cubeide/plugins/com.st.stm32cube.ide.mcu.externaltools.gnu-tools-for-stm32.9-2020-q2-update.win32_2.0.0.202105311346/tools/bin/../lib/gcc/arm-none-eabi/9.3.1/../../../../arm-none-eabi/lib/thumb/v7e-m+fp/hard/crt0.o (__libc_init_array)
c:/st/stm32cubeide_1.7.0/stm32cubeide/plugins/com.st.stm32cube.ide.mcu.externaltools.gnu-tools-for-stm32.9-2020-q2-update.win32_2.0.0.202105311346/tools/bin/../lib/gcc/arm-none-eabi/9.3.1/../../../../arm-none-eabi/lib/thumb/v7e-m+fp/hard\libc_nano.a(lib_a-memset.o)
                              c:/st/stm32cubeide_1.7.0/stm32cubeide/plugins/com.st.stm32cube.ide.mcu.externaltools.gnu-tools-for-stm32.9-2020-q2-update.win32_2.0.0.202105311346/tools/bin/../lib/gcc/arm-none-eabi/9.3.1/../../../../arm-none-eabi/lib/thumb/v7e-m+fp/hard/crt0.o (memset)
c:/st/stm32cubeide_1.7.0/stm32cubeide/plugins/com.st.stm32cube.ide.mcu.externaltools.gnu-tools-for-stm32.9-2020-q2-update.win32_2.0.0.202105311346/tools/bin/../lib/gcc/arm-none-eabi/9.3.1/../../../../arm-none-eabi/lib/thumb/v7e-m+fp/hard\libc_nano.a(lib_a-strlen.o)
                              ./Core/Src/LiquidCrystal.o (strlen)
c:/st/stm32cubeide_1.7.0/stm32cubeide/plugins/com.st.stm32cube.ide.mcu.externaltools.gnu-tools-for-stm32.9-2020-q2-update.win32_2.0.0.202105311346/tools/bin/../lib/gcc/arm-none-eabi/9.3.1/../../../../arm-none-eabi/lib/thumb/v7e-m+fp/hard\libm.a(lib_a-w_pow.o)
                              ./Core/Src/stm32f3xx_it.o (pow)
c:/st/stm32cubeide_1.7.0/stm32cubeide/plugins/com.st.stm32cube.ide.mcu.externaltools.gnu-tools-for-stm32.9-2020-q2-update.win32_2.0.0.202105311346/tools/bin/../lib/gcc/arm-none-eabi/9.3.1/../../../../arm-none-eabi/lib/thumb/v7e-m+fp/hard\libm.a(lib_a-e_pow.o)
                              c:/st/stm32cubeide_1.7.0/stm32cubeide/plugins/com.st.stm32cube.ide.mcu.externaltools.gnu-tools-for-stm32.9-2020-q2-update.win32_2.0.0.202105311346/tools/bin/../lib/gcc/arm-none-eabi/9.3.1/../../../../arm-none-eabi/lib/thumb/v7e-m+fp/hard\libm.a(lib_a-w_pow.o) (__ieee754_pow)
c:/st/stm32cubeide_1.7.0/stm32cubeide/plugins/com.st.stm32cube.ide.mcu.externaltools.gnu-tools-for-stm32.9-2020-q2-update.win32_2.0.0.202105311346/tools/bin/../lib/gcc/arm-none-eabi/9.3.1/../../../../arm-none-eabi/lib/thumb/v7e-m+fp/hard\libm.a(lib_a-e_sqrt.o)
                              c:/st/stm32cubeide_1.7.0/stm32cubeide/plugins/com.st.stm32cube.ide.mcu.externaltools.gnu-tools-for-stm32.9-2020-q2-update.win32_2.0.0.202105311346/tools/bin/../lib/gcc/arm-none-eabi/9.3.1/../../../../arm-none-eabi/lib/thumb/v7e-m+fp/hard\libm.a(lib_a-e_pow.o) (__ieee754_sqrt)
c:/st/stm32cubeide_1.7.0/stm32cubeide/plugins/com.st.stm32cube.ide.mcu.externaltools.gnu-tools-for-stm32.9-2020-q2-update.win32_2.0.0.202105311346/tools/bin/../lib/gcc/arm-none-eabi/9.3.1/../../../../arm-none-eabi/lib/thumb/v7e-m+fp/hard\libm.a(lib_a-s_fabs.o)
                              c:/st/stm32cubeide_1.7.0/stm32cubeide/plugins/com.st.stm32cube.ide.mcu.externaltools.gnu-tools-for-stm32.9-2020-q2-update.win32_2.0.0.202105311346/tools/bin/../lib/gcc/arm-none-eabi/9.3.1/../../../../arm-none-eabi/lib/thumb/v7e-m+fp/hard\libm.a(lib_a-e_pow.o) (fabs)
[...]
Memory Configuration

Name             Origin             Length             Attributes
CCMRAM           0x0000000010000000 0x0000000000002000 xrw
RAM              0x0000000020000000 0x000000000000a000 xrw
FLASH            0x0000000008000000 0x0000000000040000 xr
*default*        0x0000000000000000 0xffffffffffffffff

Linker script and memory map

LOAD c:/st/stm32cubeide_1.7.0/stm32cubeide/plugins/com.st.stm32cube.ide.mcu.externaltools.gnu-tools-for-stm32.9-2020-q2-update.win32_2.0.0.202105311346/tools/bin/../lib/gcc/arm-none-eabi/9.3.1/thumb/v7e-m+fp/hard/crti.o
LOAD c:/st/stm32cubeide_1.7.0/stm32cubeide/plugins/com.st.stm32cube.ide.mcu.externaltools.gnu-tools-for-stm32.9-2020-q2-update.win32_2.0.0.202105311346/tools/bin/../lib/gcc/arm-none-eabi/9.3.1/thumb/v7e-m+fp/hard/crtbegin.o
LOAD c:/st/stm32cubeide_1.7.0/stm32cubeide/plugins/com.st.stm32cube.ide.mcu.externaltools.gnu-tools-for-stm32.9-2020-q2-update.win32_2.0.0.202105311346/tools/bin/../lib/gcc/arm-none-eabi/9.3.1/../../../../arm-none-eabi/lib/thumb/v7e-m+fp/hard/crt0.o
LOAD ./Core/Src/Game_Logic.o
LOAD ./Core/Src/LCD_Util.o
LOAD ./Core/Src/LiquidCrystal.o
LOAD ./Core/Src/main.o
LOAD ./Core/Src/stm32f3xx_hal_msp.o
LOAD ./Core/Src/stm32f3xx_it.o
LOAD ./Core/Src/syscalls.o
LOAD ./Core/Src/sysmem.o
LOAD ./Core/Src/system_stm32f3xx.o
LOAD ./Core/Startup/startup_stm32f303vctx.o
LOAD ./Drivers/STM32F3xx_HAL_Driver/Src/stm32f3xx_hal.o
LOAD ./Drivers/STM32F3xx_HAL_Driver/Src/stm32f3xx_hal_adc.o
LOAD ./Drivers/STM32F3xx_HAL_Driver/Src/stm32f3xx_hal_adc_ex.o
LOAD ./Drivers/STM32F3xx_HAL_Driver/Src/stm32f3xx_hal_cortex.o
LOAD ./Drivers/STM32F3xx_HAL_Driver/Src/stm32f3xx_hal_dma.o
LOAD ./Drivers/STM32F3xx_HAL_Driver/Src/stm32f3xx_hal_exti.o
LOAD ./Drivers/STM32F3xx_HAL_Driver/Src/stm32f3xx_hal_flash.o
LOAD ./Drivers/STM32F3xx_HAL_Driver/Src/stm32f3xx_hal_flash_ex.o
LOAD ./Drivers/STM32F3xx_HAL_Driver/Src/stm32f3xx_hal_gpio.o
LOAD ./Drivers/STM32F3xx_HAL_Driver/Src/stm32f3xx_hal_i2c.o
LOAD ./Drivers/STM32F3xx_HAL_Driver/Src/stm32f3xx_hal_i2c_ex.o
LOAD ./Drivers/STM32F3xx_HAL_Driver/Src/stm32f3xx_hal_pwr.o
LOAD ./Drivers/STM32F3xx_HAL_Driver/Src/stm32f3xx_hal_pwr_ex.o
LOAD ./Drivers/STM32F3xx_HAL_Driver/Src/stm32f3xx_hal_rcc.o
LOAD ./Drivers/STM32F3xx_HAL_Driver/Src/stm32f3xx_hal_rcc_ex.o
LOAD ./Drivers/STM32F3xx_HAL_Driver/Src/stm32f3xx_hal_rtc.o
LOAD ./Drivers/STM32F3xx_HAL_Driver/Src/stm32f3xx_hal_rtc_ex.o
LOAD ./Drivers/STM32F3xx_HAL_Driver/Src/stm32f3xx_hal_tim.o
LOAD ./Drivers/STM32F3xx_HAL_Driver/Src/stm32f3xx_hal_tim_ex.o
START GROUP
LOAD c:/st/stm32cubeide_1.7.0/stm32cubeide/plugins/com.st.stm32cube.ide.mcu.externaltools.gnu-tools-for-stm32.9-2020-q2-update.win32_2.0.0.202105311346/tools/bin/../lib/gcc/arm-none-eabi/9.3.1/../../../../arm-none-eabi/lib/thumb/v7e-m+fp/hard\libc_nano.a
LOAD c:/st/stm32cubeide_1.7.0/stm32cubeide/plugins/com.st.stm32cube.ide.mcu.externaltools.gnu-tools-for-stm32.9-2020-q2-update.win32_2.0.0.202105311346/tools/bin/../lib/gcc/arm-none-eabi/9.3.1/../../../../arm-none-eabi/lib/thumb/v7e-m+fp/hard\libm.a
END GROUP
START GROUP
LOAD c:/st/stm32cubeide_1.7.0/stm32cubeide/plugins/com.st.stm32cube.ide.mcu.externaltools.gnu-tools-for-stm32.9-2020-q2-update.win32_2.0.0.202105311346/tools/bin/../lib/gcc/arm-none-eabi/9.3.1/thumb/v7e-m+fp/hard\libgcc.a
LOAD c:/st/stm32cubeide_1.7.0/stm32cubeide/plugins/com.st.stm32cube.ide.mcu.externaltools.gnu-tools-for-stm32.9-2020-q2-update.win32_2.0.0.202105311346/tools/bin/../lib/gcc/arm-none-eabi/9.3.1/../../../../arm-none-eabi/lib/thumb/v7e-m+fp/hard\libc_nano.a
END GROUP
START GROUP
LOAD c:/st/stm32cubeide_1.7.0/stm32cubeide/plugins/com.st.stm32cube.ide.mcu.externaltools.gnu-tools-for-stm32.9-2020-q2-update.win32_2.0.0.202105311346/tools/bin/../lib/gcc/arm-none-eabi/9.3.1/thumb/v7e-m+fp/hard\libgcc.a
LOAD c:/st/stm32cubeide_1.7.0/stm32cubeide/plugins/com.st.stm32cube.ide.mcu.externaltools.gnu-tools-for-stm32.9-2020-q2-update.win32_2.0.0.202105311346/tools/bin/../lib/gcc/arm-none-eabi/9.3.1/../../../../arm-none-eabi/lib/thumb/v7e-m+fp/hard\libc_nano.a
LOAD c:/st/stm32cubeide_1.7.0/stm32cubeide/plugins/com.st.stm32cube.ide.mcu.externaltools.gnu-tools-for-stm32.9-2020-q2-update.win32_2.0.0.202105311346/tools/bin/../lib/gcc/arm-none-eabi/9.3.1/../../../../arm-none-eabi/lib/thumb/v7e-m+fp/hard\libnosys.a
END GROUP
START GROUP
LOAD c:/st/stm32cubeide_1.7.0/stm32cubeide/plugins/com.st.stm32cube.ide.mcu.externaltools.gnu-tools-for-stm32.9-2020-q2-update.win32_2.0.0.202105311346/tools/bin/../lib/gcc/arm-none-eabi/9.3.1/thumb/v7e-m+fp/hard\libgcc.a
LOAD c:/st/stm32cubeide_1.7.0/stm32cubeide/plugins/com.st.stm32cube.ide.mcu.externaltools.gnu-tools-for-stm32.9-2020-q2-update.win32_2.0.0.202105311346/tools/bin/../lib/gcc/arm-none-eabi/9.3.1/../../../../arm-none-eabi/lib/thumb/v7e-m+fp/hard\libc_nano.a
LOAD c:/st/stm32cubeide_1.7.0/stm32cubeide/plugins/com.st.stm32cube.ide.mcu.externaltools.gnu-tools-for-stm32.9-2020-q2-update.win32_2.0.0.202105311346/tools/bin/../lib/gcc/arm-none-eabi/9.3.1/../../../../arm-none-eabi/lib/thumb/v7e-m+fp/hard\libnosys.a
END GROUP
LOAD c:/st/stm32cubeide_1.7.0/stm32cubeide/plugins/com.st.stm32cube.ide.mcu.externaltools.gnu-tools-for-stm32.9-2020-q2-update.win32_2.0.0.202105311346/tools/bin/../lib/gcc/arm-none-eabi/9.3.1/thumb/v7e-m+fp/hard/crtend.o
LOAD c:/st/stm32cubeide_1.7.0/stm32cubeide/plugins/com.st.stm32cube.ide.mcu.externaltools.gnu-tools-for-stm32.9-2020-q2-update.win32_2.0.0.202105311346/tools/bin/../lib/gcc/arm-none-eabi/9.3.1/thumb/v7e-m+fp/hard/crtn.o
                0x000000002000a000                _estack = (ORIGIN (RAM) + LENGTH (RAM))
                0x0000000000000200                _Min_Heap_Size = 0x200
                0x0000000000000400                _Min_Stack_Size = 0x400

.isr_vector     0x0000000008000000      0x188
                0x0000000008000000                . = ALIGN (0x4)
 *(.isr_vector)
 .isr_vector    0x0000000008000000      0x188 ./Core/Startup/startup_stm32f303vctx.o
                0x0000000008000000                g_pfnVectors
                0x0000000008000188                . = ALIGN (0x4)

.text           0x0000000008000188     0x7994
                0x0000000008000188                . = ALIGN (0x4)
 *(.text)
 .text          0x0000000008000188       0x40 c:/st/stm32cubeide_1.7.0/stm32cubeide/plugins/com.st.stm32cube.ide.mcu.externaltools.gnu-tools-for-stm32.9-2020-q2-update.win32_2.0.0.202105311346/tools/bin/../lib/gcc/arm-none-eabi/9.3.1/thumb/v7e-m+fp/hard/crtbegin.o
 .text          0x00000000080001c8       0x10 c:/st/stm32cubeide_1.7.0/stm32cubeide/plugins/com.st.stm32cube.ide.mcu.externaltools.gnu-tools-for-stm32.9-2020-q2-update.win32_2.0.0.202105311346/tools/bin/../lib/gcc/arm-none-eabi/9.3.1/../../../../arm-none-eabi/lib/thumb/v7e-m+fp/hard\libc_nano.a(lib_a-strlen.o)
                0x00000000080001c8                strlen
 .text          0x00000000080001d8      0x378 c:/st/stm32cubeide_1.7.0/stm32cubeide/plugins/com.st.stm32cube.ide.mcu.externaltools.gnu-tools-for-stm32.9-2020-q2-update.win32_2.0.0.202105311346/tools/bin/../lib/gcc/arm-none-eabi/9.3.1/thumb/v7e-m+fp/hard\libgcc.a(_arm_addsubdf3.o)
                0x00000000080001d8                __aeabi_drsub
                0x00000000080001e0                __aeabi_dsub
                0x00000000080001e0                __subdf3
                0x00000000080001e4                __aeabi_dadd
                0x00000000080001e4                __adddf3
                0x000000000800045c                __floatunsidf
                0x000000000800045c                __aeabi_ui2d
                0x000000000800047c                __floatsidf
                0x000000000800047c                __aeabi_i2d
                0x00000000080004a0                __aeabi_f2d
                0x00000000080004a0                __extendsfdf2
                0x00000000080004e4                __floatundidf
                0x00000000080004e4                __aeabi_ul2d
                0x00000000080004f4                __floatdidf
                0x00000000080004f4                __aeabi_l2d
 .text          0x0000000008000550      0x424 c:/st/stm32cubeide_1.7.0/stm32cubeide/plugins/com.st.stm32cube.ide.mcu.externaltools.gnu-tools-for-stm32.9-2020-q2-update.win32_2.0.0.202105311346/tools/bin/../lib/gcc/arm-none-eabi/9.3.1/thumb/v7e-m+fp/hard\libgcc.a(_arm_muldivdf3.o)
                0x0000000008000550                __aeabi_dmul
                0x0000000008000550                __muldf3
                0x00000000080007a4                __divdf3
                0x00000000080007a4                __aeabi_ddiv
 .text          0x0000000008000974      0x110 c:/st/stm32cubeide_1.7.0/stm32cubeide/plugins/com.st.stm32cube.ide.mcu.externaltools.gnu-tools-for-stm32.9-2020-q2-update.win32_2.0.0.202105311346/tools/bin/../lib/gcc/arm-none-eabi/9.3.1/thumb/v7e-m+fp/hard\libgcc.a(_arm_cmpdf2.o)
                0x0000000008000974                __gtdf2
                0x0000000008000974                __gedf2
                0x000000000800097c                __ltdf2
                0x000000000800097c                __ledf2
                0x0000000008000984                __nedf2
                0x0000000008000984                __eqdf2
                0x0000000008000984                __cmpdf2
                0x0000000008000a00                __aeabi_cdrcmple
                0x0000000008000a10                __aeabi_cdcmpeq
                0x0000000008000a10                __aeabi_cdcmple
                0x0000000008000a20                __aeabi_dcmpeq
                0x0000000008000a34                __aeabi_dcmplt
                0x0000000008000a48                __aeabi_dcmple
                0x0000000008000a5c                __aeabi_dcmpge
                0x0000000008000a70                __aeabi_dcmpgt
 .text          0x0000000008000a84       0x2c c:/st/stm32cubeide_1.7.0/stm32cubeide/plugins/com.st.stm32cube.ide.mcu.externaltools.gnu-tools-for-stm32.9-2020-q2-update.win32_2.0.0.202105311346/tools/bin/../lib/gcc/arm-none-eabi/9.3.1/thumb/v7e-m+fp/hard\libgcc.a(_arm_unorddf2.o)
                0x0000000008000a84                __unorddf2
                0x0000000008000a84                __aeabi_dcmpun
 .text          0x0000000008000ab0       0x50 c:/st/stm32cubeide_1.7.0/stm32cubeide/plugins/com.st.stm32cube.ide.mcu.externaltools.gnu-tools-for-stm32.9-2020-q2-update.win32_2.0.0.202105311346/tools/bin/../lib/gcc/arm-none-eabi/9.3.1/thumb/v7e-m+fp/hard\libgcc.a(_arm_fixdfsi.o)
                0x0000000008000ab0                __aeabi_d2iz
                0x0000000008000ab0                __fixdfsi
 *(.text*)
 .text.player_dead
                0x0000000008000b00       0x98 ./Core/Src/Game_Logic.o
                0x0000000008000b00                player_dead
 .text.player_right
                0x0000000008000b98       0x68 ./Core/Src/Game_Logic.o
                0x0000000008000b98                player_right
 .text.player_left
                0x0000000008000c00       0x68 ./Core/Src/Game_Logic.o
                0x0000000008000c00                player_left
 .text.generate_map
                0x0000000008000c68       0x6c ./Core/Src/Game_Logic.o
                0x0000000008000c68                generate_map
 .text.possible_jump
                0x0000000008000cd4      0x110 ./Core/Src/Game_Logic.o
                0x0000000008000cd4                possible_jump
 .text.player_up
                0x0000000008000de4       0x68 ./Core/Src/Game_Logic.o
                0x0000000008000de4                player_up
 .text.player_down
                0x0000000008000e4c       0xa0 ./Core/Src/Game_Logic.o
                0x0000000008000e4c                player_down
 .text.shoot    0x0000000008000eec       0xb4 ./Core/Src/Game_Logic.o
                0x0000000008000eec                shoot
 .text.update_position
                0x0000000008000fa0       0xa8 ./Core/Src/Game_Logic.o
                0x0000000008000fa0                update_position
 .text.intialize
                0x0000000008001048       0x14 ./Core/Src/Game_Logic.o
                0x0000000008001048                intialize
 .text.set_Characters
                0x000000000800105c       0x68 ./Core/Src/LCD_Util.o
                0x000000000800105c                set_Characters
 .text.show_characters
                0x00000000080010c4       0x2e ./Core/Src/LCD_Util.o
                0x00000000080010c4                show_characters
 *fill*         0x00000000080010f2        0x2 
 .text.set_start_page
                0x00000000080010f4       0x2c ./Core/Src/LCD_Util.o
                0x00000000080010f4                set_start_page
 .text.menupage
                0x0000000008001120       0x58 ./Core/Src/LCD_Util.o
                0x0000000008001120                menupage
 .text.set_game_page
                0x0000000008001178       0x10 ./Core/Src/LCD_Util.o
                0x0000000008001178                set_game_page
 .text.set_change_name_page
                0x0000000008001188       0x24 ./Core/Src/LCD_Util.o
                0x0000000008001188                set_change_name_page
 .text.set_help_page
                0x00000000080011ac       0x24 ./Core/Src/LCD_Util.o
                0x00000000080011ac                set_help_page
 .text.set_about_page
                0x00000000080011d0       0x24 ./Core/Src/LCD_Util.o
                0x00000000080011d0                set_about_page
 .text.set_end_page
                0x00000000080011f4       0x24 ./Core/Src/LCD_Util.o
                0x00000000080011f4                set_end_page
 .text.LiquidCrystal
                0x0000000008001218       0x94 ./Core/Src/LiquidCrystal.o
                0x0000000008001218                LiquidCrystal
 .text.init     0x00000000080012ac       0x9c ./Core/Src/LiquidCrystal.o
                0x00000000080012ac                init
 .text.begin    0x0000000008001348      0x220 ./Core/Src/LiquidCrystal.o
                0x0000000008001348                begin
 .text.enableClock
                0x0000000008001568      0x128 ./Core/Src/LiquidCrystal.o
                0x0000000008001568                enableClock
 .text.setRowOffsets
                0x0000000008001690       0x40 ./Core/Src/LiquidCrystal.o
                0x0000000008001690                setRowOffsets
 .text.clear    0x00000000080016d0       0x14 ./Core/Src/LiquidCrystal.o
                0x00000000080016d0                clear
 .text.setCursor
                0x00000000080016e4       0x64 ./Core/Src/LiquidCrystal.o
                0x00000000080016e4                setCursor
 .text.display  0x0000000008001748       0x2c ./Core/Src/LiquidCrystal.o
                0x0000000008001748                display
 .text.print    0x0000000008001774       0x56 ./Core/Src/LiquidCrystal.o
                0x0000000008001774                print
 .text.createChar
                0x00000000080017ca       0x52 ./Core/Src/LiquidCrystal.o
                0x00000000080017ca                createChar
 .text.command  0x000000000800181c       0x1c ./Core/Src/LiquidCrystal.o
                0x000000000800181c                command
 .text.write    0x0000000008001838       0x1e ./Core/Src/LiquidCrystal.o
                0x0000000008001838                write
 *fill*         0x0000000008001856        0x2 
 .text.send     0x0000000008001858       0x7c ./Core/Src/LiquidCrystal.o
                0x0000000008001858                send
 .text.pulseEnable
                0x00000000080018d4       0x54 ./Core/Src/LiquidCrystal.o
                0x00000000080018d4                pulseEnable
 .text.write4bits
                0x0000000008001928       0x54 ./Core/Src/LiquidCrystal.o
                0x0000000008001928                write4bits
 .text.write8bits
                0x000000000800197c       0x54 ./Core/Src/LiquidCrystal.o
                0x000000000800197c                write8bits
 .text.HAL_GPIO_EXTI_Callback
                0x00000000080019d0      0x238 ./Core/Src/main.o
                0x00000000080019d0                HAL_GPIO_EXTI_Callback
 .text.main     0x0000000008001c08       0x7c ./Core/Src/main.o
                0x0000000008001c08                main
 .text.SystemClock_Config
                0x0000000008001c84       0xbc ./Core/Src/main.o
                0x0000000008001c84                SystemClock_Config
 .text.MX_ADC1_Init
                0x0000000008001d40       0xe0 ./Core/Src/main.o
 .text.MX_RTC_Init
                0x0000000008001e20       0xb4 ./Core/Src/main.o
 .text.MX_TIM2_Init
                0x0000000008001ed4       0x9c ./Core/Src/main.o
 .text.MX_TIM3_Init
                0x0000000008001f70       0x9c ./Core/Src/main.o
 .text.MX_TIM4_Init
                0x000000000800200c       0xa0 ./Core/Src/main.o
 .text.MX_GPIO_Init
                0x00000000080020ac      0x208 ./Core/Src/main.o
 .text.Error_Handler
                0x00000000080022b4        0xa ./Core/Src/main.o
                0x00000000080022b4                Error_Handler
 *fill*         0x00000000080022be        0x2 
 .text.HAL_MspInit
                0x00000000080022c0       0x48 ./Core/Src/stm32f3xx_hal_msp.o
                0x00000000080022c0                HAL_MspInit
 .text.HAL_ADC_MspInit
                0x0000000008002308       0x8c ./Core/Src/stm32f3xx_hal_msp.o
                0x0000000008002308                HAL_ADC_MspInit
 .text.HAL_RTC_MspInit
                0x0000000008002394       0x4c ./Core/Src/stm32f3xx_hal_msp.o
                0x0000000008002394                HAL_RTC_MspInit
 .text.HAL_TIM_Base_MspInit
                0x00000000080023e0       0xb8 ./Core/Src/stm32f3xx_hal_msp.o
                0x00000000080023e0                HAL_TIM_Base_MspInit
 .text.NMI_Handler
                0x0000000008002498        0x6 ./Core/Src/stm32f3xx_it.o
                0x0000000008002498                NMI_Handler
 .text.HardFault_Handler
                0x000000000800249e        0x6 ./Core/Src/stm32f3xx_it.o
                0x000000000800249e                HardFault_Handler
 .text.MemManage_Handler
                0x00000000080024a4        0x6 ./Core/Src/stm32f3xx_it.o
                0x00000000080024a4                MemManage_Handler
 .text.BusFault_Handler
                0x00000000080024aa        0x6 ./Core/Src/stm32f3xx_it.o
                0x00000000080024aa                BusFault_Handler
 .text.UsageFault_Handler
                0x00000000080024b0        0x6 ./Core/Src/stm32f3xx_it.o
                0x00000000080024b0                UsageFault_Handler
 .text.SVC_Handler
                0x00000000080024b6        0xe ./Core/Src/stm32f3xx_it.o
                0x00000000080024b6                SVC_Handler
 .text.DebugMon_Handler
                0x00000000080024c4        0xe ./Core/Src/stm32f3xx_it.o
                0x00000000080024c4                DebugMon_Handler
 .text.PendSV_Handler
                0x00000000080024d2        0xe ./Core/Src/stm32f3xx_it.o
                0x00000000080024d2                PendSV_Handler
 .text.SysTick_Handler
                0x00000000080024e0        0xc ./Core/Src/stm32f3xx_it.o
                0x00000000080024e0                SysTick_Handler
 .text.EXTI0_IRQHandler
                0x00000000080024ec       0x34 ./Core/Src/stm32f3xx_it.o
                0x00000000080024ec                EXTI0_IRQHandler
 .text.EXTI3_IRQHandler
                0x0000000008002520        0xe ./Core/Src/stm32f3xx_it.o
                0x0000000008002520                EXTI3_IRQHandler
 .text.EXTI4_IRQHandler
                0x000000000800252e        0xe ./Core/Src/stm32f3xx_it.o
                0x000000000800252e                EXTI4_IRQHandler
 .text.ADC1_2_IRQHandler
                0x000000000800253c       0x44 ./Core/Src/stm32f3xx_it.o
                0x000000000800253c                ADC1_2_IRQHandler
 .text.EXTI9_5_IRQHandler
                0x0000000008002580       0x16 ./Core/Src/stm32f3xx_it.o
                0x0000000008002580                EXTI9_5_IRQHandler
 *fill*         0x0000000008002596        0x2 
 .text.TIM2_IRQHandler
                0x0000000008002598       0x24 ./Core/Src/stm32f3xx_it.o
                0x0000000008002598                TIM2_IRQHandler
 .text.TIM3_IRQHandler
                0x00000000080025bc       0x40 ./Core/Src/stm32f3xx_it.o
                0x00000000080025bc                TIM3_IRQHandler
 .text.TIM4_IRQHandler
                0x00000000080025fc      0x114 ./Core/Src/stm32f3xx_it.o
                0x00000000080025fc                TIM4_IRQHandler
 .text.show_number_on_seven_segment
                0x0000000008002710      0x138 ./Core/Src/stm32f3xx_it.o
                0x0000000008002710                show_number_on_seven_segment
 .text.digits_off
                0x0000000008002848       0x38 ./Core/Src/stm32f3xx_it.o
                0x0000000008002848                digits_off
 .text.ic_input_value
                0x0000000008002880       0xe8 ./Core/Src/stm32f3xx_it.o
                0x0000000008002880                ic_input_value
 .text.BCD_Convertor
                0x0000000008002968       0xf8 ./Core/Src/stm32f3xx_it.o
                0x0000000008002968                BCD_Convertor
 .text.SystemInit
                0x0000000008002a60       0x24 ./Core/Src/system_stm32f3xx.o
                0x0000000008002a60                SystemInit
 .text.Reset_Handler
                0x0000000008002a84       0x50 ./Core/Startup/startup_stm32f303vctx.o
                0x0000000008002a84                Reset_Handler
 .text.Default_Handler
                0x0000000008002ad4        0x2 ./Core/Startup/startup_stm32f303vctx.o
                0x0000000008002ad4                RTC_Alarm_IRQHandler
                0x0000000008002ad4                TIM8_TRG_COM_IRQHandler
                0x0000000008002ad4                TIM8_CC_IRQHandler
                0x0000000008002ad4                TIM1_CC_IRQHandler
                0x0000000008002ad4                USB_HP_IRQHandler
                0x0000000008002ad4                PVD_IRQHandler
                0x0000000008002ad4                TAMP_STAMP_IRQHandler
                0x0000000008002ad4                USB_HP_CAN_TX_IRQHandler
                0x0000000008002ad4                I2C2_EV_IRQHandler
                0x0000000008002ad4                FPU_IRQHandler
                0x0000000008002ad4                TIM1_UP_TIM16_IRQHandler
                0x0000000008002ad4                SPI1_IRQHandler
                0x0000000008002ad4                CAN_SCE_IRQHandler
                0x0000000008002ad4                TIM6_DAC_IRQHandler
                0x0000000008002ad4                TIM8_UP_IRQHandler
                0x0000000008002ad4                DMA2_Channel2_IRQHandler
                0x0000000008002ad4                DMA1_Channel4_IRQHandler
                0x0000000008002ad4                USART3_IRQHandler
                0x0000000008002ad4                DMA1_Channel7_IRQHandler
                0x0000000008002ad4                UART5_IRQHandler
                0x0000000008002ad4                ADC3_IRQHandler
                0x0000000008002ad4                CAN_RX1_IRQHandler
                0x0000000008002ad4                DMA2_Channel1_IRQHandler
                0x0000000008002ad4                I2C1_EV_IRQHandler
                0x0000000008002ad4                DMA1_Channel6_IRQHandler
                0x0000000008002ad4                UART4_IRQHandler
                0x0000000008002ad4                DMA2_Channel4_IRQHandler
                0x0000000008002ad4                RCC_IRQHandler
                0x0000000008002ad4                DMA1_Channel1_IRQHandler
                0x0000000008002ad4                Default_Handler
                0x0000000008002ad4                USBWakeUp_RMP_IRQHandler
                0x0000000008002ad4                EXTI15_10_IRQHandler
                0x0000000008002ad4                TIM7_IRQHandler
                0x0000000008002ad4                RTC_WKUP_IRQHandler
                0x0000000008002ad4                SPI2_IRQHandler
                0x0000000008002ad4                USB_LP_CAN_RX0_IRQHandler
                0x0000000008002ad4                DMA2_Channel5_IRQHandler
                0x0000000008002ad4                DMA1_Channel5_IRQHandler
                0x0000000008002ad4                USB_LP_IRQHandler
                0x0000000008002ad4                TIM1_TRG_COM_TIM17_IRQHandler
                0x0000000008002ad4                DMA1_Channel3_IRQHandler
                0x0000000008002ad4                ADC4_IRQHandler
                0x0000000008002ad4                WWDG_IRQHandler
                0x0000000008002ad4                COMP7_IRQHandler
                0x0000000008002ad4                COMP1_2_3_IRQHandler
                0x0000000008002ad4                EXTI1_IRQHandler
                0x0000000008002ad4                USART2_IRQHandler
                0x0000000008002ad4                COMP4_5_6_IRQHandler
                0x0000000008002ad4                I2C2_ER_IRQHandler
                0x0000000008002ad4                DMA1_Channel2_IRQHandler
                0x0000000008002ad4                TIM8_BRK_IRQHandler
                0x0000000008002ad4                FLASH_IRQHandler
                0x0000000008002ad4                USART1_IRQHandler
                0x0000000008002ad4                SPI3_IRQHandler
                0x0000000008002ad4                I2C1_ER_IRQHandler
                0x0000000008002ad4                USBWakeUp_IRQHandler
                0x0000000008002ad4                DMA2_Channel3_IRQHandler
                0x0000000008002ad4                EXTI2_TSC_IRQHandler
                0x0000000008002ad4                TIM1_BRK_TIM15_IRQHandler
 *fill*         0x0000000008002ad6        0x2 
 .text.HAL_Init
                0x0000000008002ad8       0x2c ./Drivers/STM32F3xx_HAL_Driver/Src/stm32f3xx_hal.o
                0x0000000008002ad8                HAL_Init
 .text.HAL_InitTick
                0x0000000008002b04       0x60 ./Drivers/STM32F3xx_HAL_Driver/Src/stm32f3xx_hal.o
                0x0000000008002b04                HAL_InitTick
 .text.HAL_IncTick
                0x0000000008002b64       0x28 ./Drivers/STM32F3xx_HAL_Driver/Src/stm32f3xx_hal.o
                0x0000000008002b64                HAL_IncTick
 .text.HAL_GetTick
                0x0000000008002b8c       0x18 ./Drivers/STM32F3xx_HAL_Driver/Src/stm32f3xx_hal.o
                0x0000000008002b8c                HAL_GetTick
 .text.HAL_Delay
                0x0000000008002ba4       0x48 ./Drivers/STM32F3xx_HAL_Driver/Src/stm32f3xx_hal.o
                0x0000000008002ba4                HAL_Delay
 .text.HAL_ADC_ConvCpltCallback
                0x0000000008002bec       0x14 ./Drivers/STM32F3xx_HAL_Driver/Src/stm32f3xx_hal_adc.o
                0x0000000008002bec                HAL_ADC_ConvCpltCallback
 .text.HAL_ADC_LevelOutOfWindowCallback
                0x0000000008002c00       0x14 ./Drivers/STM32F3xx_HAL_Driver/Src/stm32f3xx_hal_adc.o
                0x0000000008002c00                HAL_ADC_LevelOutOfWindowCallback
 .text.HAL_ADC_ErrorCallback
                0x0000000008002c14       0x14 ./Drivers/STM32F3xx_HAL_Driver/Src/stm32f3xx_hal_adc.o
                0x0000000008002c14                HAL_ADC_ErrorCallback
 .text.HAL_ADC_Init
                0x0000000008002c28      0x3c0 ./Drivers/STM32F3xx_HAL_Driver/Src/stm32f3xx_hal_adc_ex.o
                0x0000000008002c28                HAL_ADC_Init
 .text.HAL_ADC_Start_IT
                0x0000000008002fe8      0x280 ./Drivers/STM32F3xx_HAL_Driver/Src/stm32f3xx_hal_adc_ex.o
                0x0000000008002fe8                HAL_ADC_Start_IT
 .text.HAL_ADC_GetValue
                0x0000000008003268       0x1a ./Drivers/STM32F3xx_HAL_Driver/Src/stm32f3xx_hal_adc_ex.o
                0x0000000008003268                HAL_ADC_GetValue
 *fill*         0x0000000008003282        0x2 
 .text.HAL_ADC_IRQHandler
                0x0000000008003284      0x618 ./Drivers/STM32F3xx_HAL_Driver/Src/stm32f3xx_hal_adc_ex.o
                0x0000000008003284                HAL_ADC_IRQHandler
 .text.HAL_ADCEx_InjectedConvCpltCallback
                0x000000000800389c       0x14 ./Drivers/STM32F3xx_HAL_Driver/Src/stm32f3xx_hal_adc_ex.o
                0x000000000800389c                HAL_ADCEx_InjectedConvCpltCallback
 .text.HAL_ADCEx_InjectedQueueOverflowCallback
                0x00000000080038b0       0x14 ./Drivers/STM32F3xx_HAL_Driver/Src/stm32f3xx_hal_adc_ex.o
                0x00000000080038b0                HAL_ADCEx_InjectedQueueOverflowCallback
 .text.HAL_ADCEx_LevelOutOfWindow2Callback
                0x00000000080038c4       0x14 ./Drivers/STM32F3xx_HAL_Driver/Src/stm32f3xx_hal_adc_ex.o
                0x00000000080038c4                HAL_ADCEx_LevelOutOfWindow2Callback
 .text.HAL_ADCEx_LevelOutOfWindow3Callback
                0x00000000080038d8       0x14 ./Drivers/STM32F3xx_HAL_Driver/Src/stm32f3xx_hal_adc_ex.o
                0x00000000080038d8                HAL_ADCEx_LevelOutOfWindow3Callback
 .text.HAL_ADC_ConfigChannel
                0x00000000080038ec      0x5d8 ./Drivers/STM32F3xx_HAL_Driver/Src/stm32f3xx_hal_adc_ex.o
                0x00000000080038ec                HAL_ADC_ConfigChannel
 .text.HAL_ADCEx_MultiModeConfigChannel
                0x0000000008003ec4      0x1e4 ./Drivers/STM32F3xx_HAL_Driver/Src/stm32f3xx_hal_adc_ex.o
                0x0000000008003ec4                HAL_ADCEx_MultiModeConfigChannel
 .text.ADC_Enable
                0x00000000080040a8       0xc8 ./Drivers/STM32F3xx_HAL_Driver/Src/stm32f3xx_hal_adc_ex.o
 .text.ADC_Disable
                0x0000000008004170       0xcc ./Drivers/STM32F3xx_HAL_Driver/Src/stm32f3xx_hal_adc_ex.o
 .text.__NVIC_SetPriorityGrouping
                0x000000000800423c       0x48 ./Drivers/STM32F3xx_HAL_Driver/Src/stm32f3xx_hal_cortex.o
 .text.__NVIC_GetPriorityGrouping
                0x0000000008004284       0x1c ./Drivers/STM32F3xx_HAL_Driver/Src/stm32f3xx_hal_cortex.o
 .text.__NVIC_EnableIRQ
                0x00000000080042a0       0x3c ./Drivers/STM32F3xx_HAL_Driver/Src/stm32f3xx_hal_cortex.o
 .text.__NVIC_SetPriority
                0x00000000080042dc       0x54 ./Drivers/STM32F3xx_HAL_Driver/Src/stm32f3xx_hal_cortex.o
 .text.NVIC_EncodePriority
                0x0000000008004330       0x66 ./Drivers/STM32F3xx_HAL_Driver/Src/stm32f3xx_hal_cortex.o
 *fill*         0x0000000008004396        0x2 
 .text.SysTick_Config
                0x0000000008004398       0x44 ./Drivers/STM32F3xx_HAL_Driver/Src/stm32f3xx_hal_cortex.o
 .text.HAL_NVIC_SetPriorityGrouping
                0x00000000080043dc       0x16 ./Drivers/STM32F3xx_HAL_Driver/Src/stm32f3xx_hal_cortex.o
                0x00000000080043dc                HAL_NVIC_SetPriorityGrouping
 .text.HAL_NVIC_SetPriority
                0x00000000080043f2       0x38 ./Drivers/STM32F3xx_HAL_Driver/Src/stm32f3xx_hal_cortex.o
                0x00000000080043f2                HAL_NVIC_SetPriority
 .text.HAL_NVIC_EnableIRQ
                0x000000000800442a       0x1c ./Drivers/STM32F3xx_HAL_Driver/Src/stm32f3xx_hal_cortex.o
                0x000000000800442a                HAL_NVIC_EnableIRQ
 .text.HAL_SYSTICK_Config
                0x0000000008004446       0x18 ./Drivers/STM32F3xx_HAL_Driver/Src/stm32f3xx_hal_cortex.o
                0x0000000008004446                HAL_SYSTICK_Config
 *fill*         0x000000000800445e        0x2 
 .text.HAL_GPIO_Init
                0x0000000008004460      0x2f4 ./Drivers/STM32F3xx_HAL_Driver/Src/stm32f3xx_hal_gpio.o
                0x0000000008004460                HAL_GPIO_Init
 .text.HAL_GPIO_ReadPin
                0x0000000008004754       0x30 ./Drivers/STM32F3xx_HAL_Driver/Src/stm32f3xx_hal_gpio.o
                0x0000000008004754                HAL_GPIO_ReadPin
 .text.HAL_GPIO_WritePin
                0x0000000008004784       0x30 ./Drivers/STM32F3xx_HAL_Driver/Src/stm32f3xx_hal_gpio.o
                0x0000000008004784                HAL_GPIO_WritePin
 .text.HAL_GPIO_EXTI_IRQHandler
                0x00000000080047b4       0x30 ./Drivers/STM32F3xx_HAL_Driver/Src/stm32f3xx_hal_gpio.o
                0x00000000080047b4                HAL_GPIO_EXTI_IRQHandler
 .text.HAL_RCC_OscConfig
                0x00000000080047e4      0xe10 ./Drivers/STM32F3xx_HAL_Driver/Src/stm32f3xx_hal_rcc.o
                0x00000000080047e4                HAL_RCC_OscConfig
 .text.HAL_RCC_ClockConfig
                0x00000000080055f4      0x2f8 ./Drivers/STM32F3xx_HAL_Driver/Src/stm32f3xx_hal_rcc.o
                0x00000000080055f4                HAL_RCC_ClockConfig
 .text.HAL_RCC_GetSysClockFreq
                0x00000000080058ec       0xd4 ./Drivers/STM32F3xx_HAL_Driver/Src/stm32f3xx_hal_rcc.o
                0x00000000080058ec                HAL_RCC_GetSysClockFreq
 .text.HAL_RCCEx_PeriphCLKConfig
                0x00000000080059c0      0x360 ./Drivers/STM32F3xx_HAL_Driver/Src/stm32f3xx_hal_rcc_ex.o
                0x00000000080059c0                HAL_RCCEx_PeriphCLKConfig
 .text.HAL_RTC_Init
                0x0000000008005d20      0x122 ./Drivers/STM32F3xx_HAL_Driver/Src/stm32f3xx_hal_rtc.o
                0x0000000008005d20                HAL_RTC_Init
 .text.HAL_RTC_SetTime
                0x0000000008005e42      0x17a ./Drivers/STM32F3xx_HAL_Driver/Src/stm32f3xx_hal_rtc.o
                0x0000000008005e42                HAL_RTC_SetTime
 .text.HAL_RTC_SetDate
                0x0000000008005fbc      0x14e ./Drivers/STM32F3xx_HAL_Driver/Src/stm32f3xx_hal_rtc.o
                0x0000000008005fbc                HAL_RTC_SetDate
 .text.HAL_RTC_WaitForSynchro
                0x000000000800610a       0x50 ./Drivers/STM32F3xx_HAL_Driver/Src/stm32f3xx_hal_rtc.o
                0x000000000800610a                HAL_RTC_WaitForSynchro
 .text.RTC_EnterInitMode
                0x000000000800615a       0x58 ./Drivers/STM32F3xx_HAL_Driver/Src/stm32f3xx_hal_rtc.o
                0x000000000800615a                RTC_EnterInitMode
 .text.RTC_ByteToBcd2
                0x00000000080061b2       0x3c ./Drivers/STM32F3xx_HAL_Driver/Src/stm32f3xx_hal_rtc.o
                0x00000000080061b2                RTC_ByteToBcd2
 .text.HAL_TIM_Base_Init
                0x00000000080061ee       0xae ./Drivers/STM32F3xx_HAL_Driver/Src/stm32f3xx_hal_tim.o
                0x00000000080061ee                HAL_TIM_Base_Init
 .text.HAL_TIM_Base_Start_IT
                0x000000000800629c       0xd4 ./Drivers/STM32F3xx_HAL_Driver/Src/stm32f3xx_hal_tim.o
                0x000000000800629c                HAL_TIM_Base_Start_IT
 .text.HAL_TIM_IRQHandler
                0x0000000008006370      0x23e ./Drivers/STM32F3xx_HAL_Driver/Src/stm32f3xx_hal_tim.o
                0x0000000008006370                HAL_TIM_IRQHandler
 .text.HAL_TIM_ConfigClockSource
                0x00000000080065ae      0x192 ./Drivers/STM32F3xx_HAL_Driver/Src/stm32f3xx_hal_tim.o
                0x00000000080065ae                HAL_TIM_ConfigClockSource
 .text.HAL_TIM_PeriodElapsedCallback
                0x0000000008006740       0x14 ./Drivers/STM32F3xx_HAL_Driver/Src/stm32f3xx_hal_tim.o
                0x0000000008006740                HAL_TIM_PeriodElapsedCallback
 .text.HAL_TIM_OC_DelayElapsedCallback
                0x0000000008006754       0x14 ./Drivers/STM32F3xx_HAL_Driver/Src/stm32f3xx_hal_tim.o
                0x0000000008006754                HAL_TIM_OC_DelayElapsedCallback
 .text.HAL_TIM_IC_CaptureCallback
                0x0000000008006768       0x14 ./Drivers/STM32F3xx_HAL_Driver/Src/stm32f3xx_hal_tim.o
                0x0000000008006768                HAL_TIM_IC_CaptureCallback
 .text.HAL_TIM_PWM_PulseFinishedCallback
                0x000000000800677c       0x14 ./Drivers/STM32F3xx_HAL_Driver/Src/stm32f3xx_hal_tim.o
                0x000000000800677c                HAL_TIM_PWM_PulseFinishedCallback
 .text.HAL_TIM_TriggerCallback
                0x0000000008006790       0x14 ./Drivers/STM32F3xx_HAL_Driver/Src/stm32f3xx_hal_tim.o
                0x0000000008006790                HAL_TIM_TriggerCallback
 .text.TIM_Base_SetConfig
                0x00000000080067a4      0x120 ./Drivers/STM32F3xx_HAL_Driver/Src/stm32f3xx_hal_tim.o
                0x00000000080067a4                TIM_Base_SetConfig
 .text.TIM_TI1_ConfigInputStage
                0x00000000080068c4       0x5e ./Drivers/STM32F3xx_HAL_Driver/Src/stm32f3xx_hal_tim.o
 .text.TIM_TI2_ConfigInputStage
                0x0000000008006922       0x60 ./Drivers/STM32F3xx_HAL_Driver/Src/stm32f3xx_hal_tim.o
 .text.TIM_ITRx_SetConfig
                0x0000000008006982       0x36 ./Drivers/STM32F3xx_HAL_Driver/Src/stm32f3xx_hal_tim.o
 .text.TIM_ETR_SetConfig
                0x00000000080069b8       0x40 ./Drivers/STM32F3xx_HAL_Driver/Src/stm32f3xx_hal_tim.o
                0x00000000080069b8                TIM_ETR_SetConfig
 .text.HAL_TIMEx_MasterConfigSynchronization
                0x00000000080069f8      0x100 ./Drivers/STM32F3xx_HAL_Driver/Src/stm32f3xx_hal_tim_ex.o
                0x00000000080069f8                HAL_TIMEx_MasterConfigSynchronization
 .text.HAL_TIMEx_CommutCallback
                0x0000000008006af8       0x14 ./Drivers/STM32F3xx_HAL_Driver/Src/stm32f3xx_hal_tim_ex.o
                0x0000000008006af8                HAL_TIMEx_CommutCallback
 .text.HAL_TIMEx_BreakCallback
                0x0000000008006b0c       0x14 ./Drivers/STM32F3xx_HAL_Driver/Src/stm32f3xx_hal_tim_ex.o
                0x0000000008006b0c                HAL_TIMEx_BreakCallback
 .text.HAL_TIMEx_Break2Callback
                0x0000000008006b20       0x14 ./Drivers/STM32F3xx_HAL_Driver/Src/stm32f3xx_hal_tim_ex.o
                0x0000000008006b20                HAL_TIMEx_Break2Callback
 .text.__errno  0x0000000008006b34        0xc c:/st/stm32cubeide_1.7.0/stm32cubeide/plugins/com.st.stm32cube.ide.mcu.externaltools.gnu-tools-for-stm32.9-2020-q2-update.win32_2.0.0.202105311346/tools/bin/../lib/gcc/arm-none-eabi/9.3.1/../../../../arm-none-eabi/lib/thumb/v7e-m+fp/hard\libc_nano.a(lib_a-errno.o)
                0x0000000008006b34                __errno
 .text.__libc_init_array
                0x0000000008006b40       0x48 c:/st/stm32cubeide_1.7.0/stm32cubeide/plugins/com.st.stm32cube.ide.mcu.externaltools.gnu-tools-for-stm32.9-2020-q2-update.win32_2.0.0.202105311346/tools/bin/../lib/gcc/arm-none-eabi/9.3.1/../../../../arm-none-eabi/lib/thumb/v7e-m+fp/hard\libc_nano.a(lib_a-init.o)
                0x0000000008006b40                __libc_init_array
 .text.memset   0x0000000008006b88       0x10 c:/st/stm32cubeide_1.7.0/stm32cubeide/plugins/com.st.stm32cube.ide.mcu.externaltools.gnu-tools-for-stm32.9-2020-q2-update.win32_2.0.0.202105311346/tools/bin/../lib/gcc/arm-none-eabi/9.3.1/../../../../arm-none-eabi/lib/thumb/v7e-m+fp/hard\libc_nano.a(lib_a-memset.o)
                0x0000000008006b88                memset
 .text.pow      0x0000000008006b98      0x15c c:/st/stm32cubeide_1.7.0/stm32cubeide/plugins/com.st.stm32cube.ide.mcu.externaltools.gnu-tools-for-stm32.9-2020-q2-update.win32_2.0.0.202105311346/tools/bin/../lib/gcc/arm-none-eabi/9.3.1/../../../../arm-none-eabi/lib/thumb/v7e-m+fp/hard\libm.a(lib_a-w_pow.o)
                0x0000000008006b98                pow
 *fill*         0x0000000008006cf4        0x4 
 .text.__ieee754_pow
                0x0000000008006cf8      0xa44 c:/st/stm32cubeide_1.7.0/stm32cubeide/plugins/com.st.stm32cube.ide.mcu.externaltools.gnu-tools-for-stm32.9-2020-q2-update.win32_2.0.0.202105311346/tools/bin/../lib/gcc/arm-none-eabi/9.3.1/../../../../arm-none-eabi/lib/thumb/v7e-m+fp/hard\libm.a(lib_a-e_pow.o)
                0x0000000008006cf8                __ieee754_pow
 .text.__ieee754_sqrt
                0x000000000800773c      0x168 c:/st/stm32cubeide_1.7.0/stm32cubeide/plugins/com.st.stm32cube.ide.mcu.externaltools.gnu-tools-for-stm32.9-2020-q2-update.win32_2.0.0.202105311346/tools/bin/../lib/gcc/arm-none-eabi/9.3.1/../../../../arm-none-eabi/lib/thumb/v7e-m+fp/hard\libm.a(lib_a-e_sqrt.o)
                0x000000000800773c                __ieee754_sqrt
 .text.fabs     0x00000000080078a4       0x12 c:/st/stm32cubeide_1.7.0/stm32cubeide/plugins/com.st.stm32cube.ide.mcu.externaltools.gnu-tools-for-stm32.9-2020-q2-update.win32_2.0.0.202105311346/tools/bin/../lib/gcc/arm-none-eabi/9.3.1/../../../../arm-none-eabi/lib/thumb/v7e-m+fp/hard\libm.a(lib_a-s_fabs.o)
                0x00000000080078a4                fabs
 .text.finite   0x00000000080078b6       0x16 c:/st/stm32cubeide_1.7.0/stm32cubeide/plugins/com.st.stm32cube.ide.mcu.externaltools.gnu-tools-for-stm32.9-2020-q2-update.win32_2.0.0.202105311346/tools/bin/../lib/gcc/arm-none-eabi/9.3.1/../../../../arm-none-eabi/lib/thumb/v7e-m+fp/hard\libm.a(lib_a-s_finite.o)
                0x00000000080078b6                finite
 *fill*         0x00000000080078cc        0x4 
 .text.nan      0x00000000080078d0       0x10 c:/st/stm32cubeide_1.7.0/stm32cubeide/plugins/com.st.stm32cube.ide.mcu.externaltools.gnu-tools-for-stm32.9-2020-q2-update.win32_2.0.0.202105311346/tools/bin/../lib/gcc/arm-none-eabi/9.3.1/../../../../arm-none-eabi/lib/thumb/v7e-m+fp/hard\libm.a(lib_a-s_nan.o)
                0x00000000080078d0                nan
 .text.rint     0x00000000080078e0      0x114 c:/st/stm32cubeide_1.7.0/stm32cubeide/plugins/com.st.stm32cube.ide.mcu.externaltools.gnu-tools-for-stm32.9-2020-q2-update.win32_2.0.0.202105311346/tools/bin/../lib/gcc/arm-none-eabi/9.3.1/../../../../arm-none-eabi/lib/thumb/v7e-m+fp/hard\libm.a(lib_a-s_rint.o)
                0x00000000080078e0                rint
 *fill*         0x00000000080079f4        0x4 
 .text.scalbn   0x00000000080079f8      0x10c c:/st/stm32cubeide_1.7.0/stm32cubeide/plugins/com.st.stm32cube.ide.mcu.externaltools.gnu-tools-for-stm32.9-2020-q2-update.win32_2.0.0.202105311346/tools/bin/../lib/gcc/arm-none-eabi/9.3.1/../../../../arm-none-eabi/lib/thumb/v7e-m+fp/hard\libm.a(lib_a-s_scalbn.o)
                0x00000000080079f8                scalbn
 *(.glue_7)
 .glue_7        0x0000000008007b04        0x0 linker stubs
 *(.glue_7t)
 .glue_7t       0x0000000008007b04        0x0 linker stubs
 *(.eh_frame)
 .eh_frame      0x0000000008007b04        0x0 c:/st/stm32cubeide_1.7.0/stm32cubeide/plugins/com.st.stm32cube.ide.mcu.externaltools.gnu-tools-for-stm32.9-2020-q2-update.win32_2.0.0.202105311346/tools/bin/../lib/gcc/arm-none-eabi/9.3.1/thumb/v7e-m+fp/hard/crtbegin.o
 *(.init)
 .init          0x0000000008007b04        0x4 c:/st/stm32cubeide_1.7.0/stm32cubeide/plugins/com.st.stm32cube.ide.mcu.externaltools.gnu-tools-for-stm32.9-2020-q2-update.win32_2.0.0.202105311346/tools/bin/../lib/gcc/arm-none-eabi/9.3.1/thumb/v7e-m+fp/hard/crti.o
                0x0000000008007b04                _init
 .init          0x0000000008007b08        0x8 c:/st/stm32cubeide_1.7.0/stm32cubeide/plugins/com.st.stm32cube.ide.mcu.externaltools.gnu-tools-for-stm32.9-2020-q2-update.win32_2.0.0.202105311346/tools/bin/../lib/gcc/arm-none-eabi/9.3.1/thumb/v7e-m+fp/hard/crtn.o
 *(.fini)
 .fini          0x0000000008007b10        0x4 c:/st/stm32cubeide_1.7.0/stm32cubeide/plugins/com.st.stm32cube.ide.mcu.externaltools.gnu-tools-for-stm32.9-2020-q2-update.win32_2.0.0.202105311346/tools/bin/../lib/gcc/arm-none-eabi/9.3.1/thumb/v7e-m+fp/hard/crti.o
                0x0000000008007b10                _fini
 .fini          0x0000000008007b14        0x8 c:/st/stm32cubeide_1.7.0/stm32cubeide/plugins/com.st.stm32cube.ide.mcu.externaltools.gnu-tools-for-stm32.9-2020-q2-update.win32_2.0.0.202105311346/tools/bin/../lib/gcc/arm-none-eabi/9.3.1/thumb/v7e-m+fp/hard/crtn.o
                0x0000000008007b1c                . = ALIGN (0x4)
                0x0000000008007b1c                _etext = .

.vfp11_veneer   0x0000000008007b1c        0x0
 .vfp11_veneer  0x0000000008007b1c        0x0 linker stubs

.v4_bx          0x0000000008007b1c        0x0
 .v4_bx         0x0000000008007b1c        0x0 linker stubs

.iplt           0x0000000008007b1c        0x0
 .iplt          0x0000000008007b1c        0x0 c:/st/stm32cubeide_1.7.0/stm32cubeide/plugins/com.st.stm32cube.ide.mcu.externaltools.gnu-tools-for-stm32.9-2020-q2-update.win32_2.0.0.202105311346/tools/bin/../lib/gcc/arm-none-eabi/9.3.1/thumb/v7e-m+fp/hard/crtbegin.o

.rodata         0x0000000008007b20      0x118
                0x0000000008007b20                . = ALIGN (0x4)
 *(.rodata)
 .rodata        0x0000000008007b20       0x72 ./Core/Src/LCD_Util.o
 *(.rodata*)
 *fill*         0x0000000008007b92        0x2 
 .rodata.Row_ports
                0x0000000008007b94       0x10 ./Core/Src/main.o
                0x0000000008007b94                Row_ports
 .rodata.Row_pins
                0x0000000008007ba4        0x8 ./Core/Src/main.o
                0x0000000008007ba4                Row_pins
 .rodata.Column_ports
                0x0000000008007bac       0x10 ./Core/Src/main.o
                0x0000000008007bac                Column_ports
 .rodata.Column_pins
                0x0000000008007bbc        0x8 ./Core/Src/main.o
                0x0000000008007bbc                Column_pins
 .rodata.AHBPrescTable
                0x0000000008007bc4       0x10 ./Core/Src/system_stm32f3xx.o
                0x0000000008007bc4                AHBPrescTable
 .rodata.aPLLMULFactorTable
                0x0000000008007bd4       0x10 ./Drivers/STM32F3xx_HAL_Driver/Src/stm32f3xx_hal_rcc.o
                0x0000000008007bd4                aPLLMULFactorTable
 .rodata.aPredivFactorTable
                0x0000000008007be4       0x10 ./Drivers/STM32F3xx_HAL_Driver/Src/stm32f3xx_hal_rcc.o
                0x0000000008007be4                aPredivFactorTable
 .rodata.__ieee754_pow.str1.1
                0x0000000008007bf4        0x1 c:/st/stm32cubeide_1.7.0/stm32cubeide/plugins/com.st.stm32cube.ide.mcu.externaltools.gnu-tools-for-stm32.9-2020-q2-update.win32_2.0.0.202105311346/tools/bin/../lib/gcc/arm-none-eabi/9.3.1/../../../../arm-none-eabi/lib/thumb/v7e-m+fp/hard\libm.a(lib_a-e_pow.o)
 *fill*         0x0000000008007bf5        0x3 
 .rodata.bp     0x0000000008007bf8       0x10 c:/st/stm32cubeide_1.7.0/stm32cubeide/plugins/com.st.stm32cube.ide.mcu.externaltools.gnu-tools-for-stm32.9-2020-q2-update.win32_2.0.0.202105311346/tools/bin/../lib/gcc/arm-none-eabi/9.3.1/../../../../arm-none-eabi/lib/thumb/v7e-m+fp/hard\libm.a(lib_a-e_pow.o)
 .rodata.dp_h   0x0000000008007c08       0x10 c:/st/stm32cubeide_1.7.0/stm32cubeide/plugins/com.st.stm32cube.ide.mcu.externaltools.gnu-tools-for-stm32.9-2020-q2-update.win32_2.0.0.202105311346/tools/bin/../lib/gcc/arm-none-eabi/9.3.1/../../../../arm-none-eabi/lib/thumb/v7e-m+fp/hard\libm.a(lib_a-e_pow.o)
 .rodata.dp_l   0x0000000008007c18       0x10 c:/st/stm32cubeide_1.7.0/stm32cubeide/plugins/com.st.stm32cube.ide.mcu.externaltools.gnu-tools-for-stm32.9-2020-q2-update.win32_2.0.0.202105311346/tools/bin/../lib/gcc/arm-none-eabi/9.3.1/../../../../arm-none-eabi/lib/thumb/v7e-m+fp/hard\libm.a(lib_a-e_pow.o)
 .rodata.TWO52  0x0000000008007c28       0x10 c:/st/stm32cubeide_1.7.0/stm32cubeide/plugins/com.st.stm32cube.ide.mcu.externaltools.gnu-tools-for-stm32.9-2020-q2-update.win32_2.0.0.202105311346/tools/bin/../lib/gcc/arm-none-eabi/9.3.1/../../../../arm-none-eabi/lib/thumb/v7e-m+fp/hard\libm.a(lib_a-s_rint.o)
                0x0000000008007c38                . = ALIGN (0x4)

.rel.dyn        0x0000000008007c38        0x0
 .rel.iplt      0x0000000008007c38        0x0 c:/st/stm32cubeide_1.7.0/stm32cubeide/plugins/com.st.stm32cube.ide.mcu.externaltools.gnu-tools-for-stm32.9-2020-q2-update.win32_2.0.0.202105311346/tools/bin/../lib/gcc/arm-none-eabi/9.3.1/thumb/v7e-m+fp/hard/crtbegin.o

.ARM.extab      0x0000000008007c38        0x0
                0x0000000008007c38                . = ALIGN (0x4)
 *(.ARM.extab* .gnu.linkonce.armextab.*)
                0x0000000008007c38                . = ALIGN (0x4)

.ARM            0x0000000008007c38        0x0
                0x0000000008007c38                . = ALIGN (0x4)
                0x0000000008007c38                __exidx_start = .
 *(.ARM.exidx*)
                0x0000000008007c38                __exidx_end = .
                0x0000000008007c38                . = ALIGN (0x4)

.preinit_array  0x0000000008007c38        0x0
                0x0000000008007c38                . = ALIGN (0x4)
                0x0000000008007c38                PROVIDE (__preinit_array_start = .)
 *(.preinit_array*)
                0x0000000008007c38                PROVIDE (__preinit_array_end = .)
                0x0000000008007c38                . = ALIGN (0x4)

.init_array     0x0000000008007c38        0x4
                0x0000000008007c38                . = ALIGN (0x4)
                0x0000000008007c38                PROVIDE (__init_array_start = .)
 *(SORT_BY_NAME(.init_array.*))
 *(.init_array*)
 .init_array    0x0000000008007c38        0x4 c:/st/stm32cubeide_1.7.0/stm32cubeide/plugins/com.st.stm32cube.ide.mcu.externaltools.gnu-tools-for-stm32.9-2020-q2-update.win32_2.0.0.202105311346/tools/bin/../lib/gcc/arm-none-eabi/9.3.1/thumb/v7e-m+fp/hard/crtbegin.o
                0x0000000008007c3c                PROVIDE (__init_array_end = .)
                0x0000000008007c3c                . = ALIGN (0x4)

.fini_array     0x0000000008007c3c        0x4
                0x0000000008007c3c                . = ALIGN (0x4)
                [!provide]                        PROVIDE (__fini_array_start = .)
 *(SORT_BY_NAME(.fini_array.*))
 *(.fini_array*)
 .fini_array    0x0000000008007c3c        0x4 c:/st/stm32cubeide_1.7.0/stm32cubeide/plugins/com.st.stm32cube.ide.mcu.externaltools.gnu-tools-for-stm32.9-2020-q2-update.win32_2.0.0.202105311346/tools/bin/../lib/gcc/arm-none-eabi/9.3.1/thumb/v7e-m+fp/hard/crtbegin.o
                [!provide]                        PROVIDE (__fini_array_end = .)
                0x0000000008007c40                . = ALIGN (0x4)
                0x0000000008007c40                _sidata = LOADADDR (.data)

.data           0x0000000020000000       0xb8 load address 0x0000000008007c40
                0x0000000020000000                . = ALIGN (0x4)
                0x0000000020000000                _sdata = .
 *(.data)
 *(.data*)
 .data.position
                0x0000000020000000        0x4 ./Core/Src/Game_Logic.o
                0x0000000020000000                position
 .data.jumping  0x0000000020000004        0x4 ./Core/Src/Game_Logic.o
                0x0000000020000004                jumping
 .data.player   0x0000000020000008        0x8 ./Core/Src/LCD_Util.o
                0x0000000020000008                player
 .data.platform
                0x0000000020000010        0x8 ./Core/Src/LCD_Util.o
                0x0000000020000010                platform
 .data.broken_platform
                0x0000000020000018        0x8 ./Core/Src/LCD_Util.o
                0x0000000020000018                broken_platform
 .data.blackhole
                0x0000000020000020        0x8 ./Core/Src/LCD_Util.o
                0x0000000020000020                blackhole
 .data.spring   0x0000000020000028        0x8 ./Core/Src/LCD_Util.o
                0x0000000020000028                spring
 .data.enemy    0x0000000020000030        0x8 ./Core/Src/LCD_Util.o
                0x0000000020000030                enemy
 .data.bullet   0x0000000020000038        0x8 ./Core/Src/LCD_Util.o
                0x0000000020000038                bullet
 .data._fourbit_mode
                0x0000000020000040        0x1 ./Core/Src/LiquidCrystal.o
                0x0000000020000040                _fourbit_mode
 *fill*         0x0000000020000041        0x3 
 .data.SystemCoreClock
                0x0000000020000044        0x4 ./Core/Src/system_stm32f3xx.o
                0x0000000020000044                SystemCoreClock
 .data.uwTickPrio
                0x0000000020000048        0x4 ./Drivers/STM32F3xx_HAL_Driver/Src/stm32f3xx_hal.o
                0x0000000020000048                uwTickPrio
 .data.uwTickFreq
                0x000000002000004c        0x1 ./Drivers/STM32F3xx_HAL_Driver/Src/stm32f3xx_hal.o
                0x000000002000004c                uwTickFreq
 *fill*         0x000000002000004d        0x3 
 .data._impure_ptr
                0x0000000020000050        0x4 c:/st/stm32cubeide_1.7.0/stm32cubeide/plugins/com.st.stm32cube.ide.mcu.externaltools.gnu-tools-for-stm32.9-2020-q2-update.win32_2.0.0.202105311346/tools/bin/../lib/gcc/arm-none-eabi/9.3.1/../../../../arm-none-eabi/lib/thumb/v7e-m+fp/hard\libc_nano.a(lib_a-impure.o)
                0x0000000020000050                _impure_ptr
 .data.impure_data
                0x0000000020000054       0x60 c:/st/stm32cubeide_1.7.0/stm32cubeide/plugins/com.st.stm32cube.ide.mcu.externaltools.gnu-tools-for-stm32.9-2020-q2-update.win32_2.0.0.202105311346/tools/bin/../lib/gcc/arm-none-eabi/9.3.1/../../../../arm-none-eabi/lib/thumb/v7e-m+fp/hard\libc_nano.a(lib_a-impure.o)
 .data.__fdlib_version
                0x00000000200000b4        0x1 c:/st/stm32cubeide_1.7.0/stm32cubeide/plugins/com.st.stm32cube.ide.mcu.externaltools.gnu-tools-for-stm32.9-2020-q2-update.win32_2.0.0.202105311346/tools/bin/../lib/gcc/arm-none-eabi/9.3.1/../../../../arm-none-eabi/lib/thumb/v7e-m+fp/hard\libm.a(lib_a-s_lib_ver.o)
                0x00000000200000b4                __fdlib_version
 *(.RamFunc)
 *(.RamFunc*)
                0x00000000200000b8                . = ALIGN (0x4)
 *fill*         0x00000000200000b5        0x3 
                0x00000000200000b8                _edata = .
                0x0000000008007cf8                _siccmram = LOADADDR (.ccmram)

.igot.plt       0x00000000200000b8        0x0 load address 0x0000000008007cf8
 .igot.plt      0x00000000200000b8        0x0 c:/st/stm32cubeide_1.7.0/stm32cubeide/plugins/com.st.stm32cube.ide.mcu.externaltools.gnu-tools-for-stm32.9-2020-q2-update.win32_2.0.0.202105311346/tools/bin/../lib/gcc/arm-none-eabi/9.3.1/thumb/v7e-m+fp/hard/crtbegin.o

.ccmram         0x0000000010000000        0x0 load address 0x0000000008007cf8
                0x0000000010000000                . = ALIGN (0x4)
                0x0000000010000000                _sccmram = .
 *(.ccmram)
 *(.ccmram*)
                0x0000000010000000                . = ALIGN (0x4)
                0x0000000010000000                _eccmram = .
                0x0000000010000000                . = ALIGN (0x4)

.bss            0x00000000200000b8      0x32c
                0x00000000200000b8                _sbss = .
                0x00000000200000b8                __bss_start__ = _sbss
 *(.bss)
 .bss           0x00000000200000b8       0x1c c:/st/stm32cubeide_1.7.0/stm32cubeide/plugins/com.st.stm32cube.ide.mcu.externaltools.gnu-tools-for-stm32.9-2020-q2-update.win32_2.0.0.202105311346/tools/bin/../lib/gcc/arm-none-eabi/9.3.1/thumb/v7e-m+fp/hard/crtbegin.o
 *(.bss*)
 .bss.mapping   0x00000000200000d4      0x140 ./Core/Src/Game_Logic.o
                0x00000000200000d4                mapping
 .bss.player_row
                0x0000000020000214        0x4 ./Core/Src/Game_Logic.o
                0x0000000020000214                player_row
 .bss.player_col
                0x0000000020000218        0x4 ./Core/Src/Game_Logic.o
                0x0000000020000218                player_col
 .bss.last_platform_col
                0x000000002000021c        0x4 ./Core/Src/Game_Logic.o
                0x000000002000021c                last_platform_col
 .bss.distance  0x0000000020000220        0x4 ./Core/Src/Game_Logic.o
                0x0000000020000220                distance
 .bss.counter   0x0000000020000224        0x4 ./Core/Src/Game_Logic.o
                0x0000000020000224                counter
 .bss.shooting  0x0000000020000228        0x4 ./Core/Src/Game_Logic.o
                0x0000000020000228                shooting
 .bss.bullet_row
                0x000000002000022c        0x4 ./Core/Src/Game_Logic.o
                0x000000002000022c                bullet_row
 .bss.bullet_col
                0x0000000020000230        0x4 ./Core/Src/Game_Logic.o
                0x0000000020000230                bullet_col
 .bss.dead_by_enemy
                0x0000000020000234        0x4 ./Core/Src/Game_Logic.o
                0x0000000020000234                dead_by_enemy
 .bss.blank     0x0000000020000238        0x8 ./Core/Src/LCD_Util.o
                0x0000000020000238                blank
 .bss.dotsize   0x0000000020000240        0x1 ./Core/Src/LiquidCrystal.o
                0x0000000020000240                dotsize
 *fill*         0x0000000020000241        0x3 
 .bss.program_state
                0x0000000020000244        0x4 ./Core/Src/stm32f3xx_it.o
                0x0000000020000244                program_state
 .bss.seven_segment_state
                0x0000000020000248        0x4 ./Core/Src/stm32f3xx_it.o
                0x0000000020000248                seven_segment_state
 .bss.score     0x000000002000024c        0x4 ./Core/Src/stm32f3xx_it.o
                0x000000002000024c                score
 .bss.difficulty_level
                0x0000000020000250        0x4 ./Core/Src/stm32f3xx_it.o
                0x0000000020000250                difficulty_level
 .bss.led_state
                0x0000000020000254        0x4 ./Core/Src/stm32f3xx_it.o
                0x0000000020000254                led_state
 .bss.led_counter
                0x0000000020000258        0x4 ./Core/Src/stm32f3xx_it.o
                0x0000000020000258                led_counter
 .bss.input_button
                0x000000002000025c        0x4 ./Core/Src/stm32f3xx_it.o
                0x000000002000025c                input_button
 *(COMMON)
 COMMON         0x0000000020000260       0x27 ./Core/Src/LiquidCrystal.o
                0x0000000020000260                _row_offsets
                0x0000000020000264                _rw_pin
                0x0000000020000268                _port
                0x000000002000026c                _displaycontrol
                0x000000002000026d                _numlines
                0x0000000020000270                _data_pins
                0x0000000020000280                _displaymode
                0x0000000020000281                _displayfunction
                0x0000000020000282                _enable_pin
                0x0000000020000284                _rs_pin
                0x0000000020000286                _initialized
 *fill*         0x0000000020000287        0x1 
 COMMON         0x0000000020000288      0x158 ./Core/Src/main.o
                0x0000000020000288                htim4
                0x00000000200002d4                htim3
                0x0000000020000320                hadc1
                0x0000000020000370                hrtc
                0x0000000020000390                htim2
                0x00000000200003dc                last_gpio_exti
 COMMON         0x00000000200003e0        0x4 ./Drivers/STM32F3xx_HAL_Driver/Src/stm32f3xx_hal.o
                0x00000000200003e0                uwTick
                0x00000000200003e4                . = ALIGN (0x4)
                0x00000000200003e4                _ebss = .
                0x00000000200003e4                __bss_end__ = _ebss

._user_heap_stack
                0x00000000200003e4      0x604
                0x00000000200003e8                . = ALIGN (0x8)
 *fill*         0x00000000200003e4        0x4 
                [!provide]                        PROVIDE (end = .)
                0x00000000200003e8                PROVIDE (_end = .)
                0x00000000200005e8                . = (. + _Min_Heap_Size)
 *fill*         0x00000000200003e8      0x200 
                0x00000000200009e8                . = (. + _Min_Stack_Size)
 *fill*         0x00000000200005e8      0x400 
                0x00000000200009e8                . = ALIGN (0x8)

/DISCARD/
 libc.a(*)
 libm.a(*)
 libgcc.a(*)

.ARM.attributes
                0x0000000000000000       0x30
 *(.ARM.attributes)
 .ARM.attributes
                0x0000000000000000       0x1e c:/st/stm32cubeide_1.7.0/stm32cubeide/plugins/com.st.stm32cube.ide.mcu.externaltools.gnu-tools-for-stm32.9-2020-q2-update.win32_2.0.0.202105311346/tools/bin/../lib/gcc/arm-none-eabi/9.3.1/thumb/v7e-m+fp/hard/crti.o
 .ARM.attributes
                0x000000000000001e       0x34 c:/st/stm32cubeide_1.7.0/stm32cubeide/plugins/com.st.stm32cube.ide.mcu.externaltools.gnu-tools-for-stm32.9-2020-q2-update.win32_2.0.0.202105311346/tools/bin/../lib/gcc/arm-none-eabi/9.3.1/thumb/v7e-m+fp/hard/crtbegin.o
 .ARM.attributes
                0x0000000000000052       0x34 ./Core/Src/Game_Logic.o
 .ARM.attributes
                0x0000000000000086       0x34 ./Core/Src/LCD_Util.o
 .ARM.attributes
                0x00000000000000ba       0x34 ./Core/Src/LiquidCrystal.o
 .ARM.attributes
                0x00000000000000ee       0x34 ./Core/Src/main.o
 .ARM.attributes
                0x0000000000000122       0x34 ./Core/Src/stm32f3xx_hal_msp.o
 .ARM.attributes
                0x0000000000000156       0x34 ./Core/Src/stm32f3xx_it.o
 .ARM.attributes
                0x000000000000018a       0x34 ./Core/Src/system_stm32f3xx.o
 .ARM.attributes
                0x00000000000001be       0x21 ./Core/Startup/startup_stm32f303vctx.o
 .ARM.attributes
                0x00000000000001df       0x34 ./Drivers/STM32F3xx_HAL_Driver/Src/stm32f3xx_hal.o
 .ARM.attributes
                0x0000000000000213       0x34 ./Drivers/STM32F3xx_HAL_Driver/Src/stm32f3xx_hal_adc.o
 .ARM.attributes
                0x0000000000000247       0x34 ./Drivers/STM32F3xx_HAL_Driver/Src/stm32f3xx_hal_adc_ex.o
 .ARM.attributes
                0x000000000000027b       0x34 ./Drivers/STM32F3xx_HAL_Driver/Src/stm32f3xx_hal_cortex.o
 .ARM.attributes
                0x00000000000002af       0x34 ./Drivers/STM32F3xx_HAL_Driver/Src/stm32f3xx_hal_gpio.o
 .ARM.attributes
                0x00000000000002e3       0x34 ./Drivers/STM32F3xx_HAL_Driver/Src/stm32f3xx_hal_rcc.o
 .ARM.attributes
                0x0000000000000317       0x34 ./Drivers/STM32F3xx_HAL_Driver/Src/stm32f3xx_hal_rcc_ex.o
 .ARM.attributes
                0x000000000000034b       0x34 ./Drivers/STM32F3xx_HAL_Driver/Src/stm32f3xx_hal_rtc.o
 .ARM.attributes
                0x000000000000037f       0x34 ./Drivers/STM32F3xx_HAL_Driver/Src/stm32f3xx_hal_tim.o
 .ARM.attributes
                0x00000000000003b3       0x34 ./Drivers/STM32F3xx_HAL_Driver/Src/stm32f3xx_hal_tim_ex.o
 .ARM.attributes
                0x00000000000003e7       0x34 c:/st/stm32cubeide_1.7.0/stm32cubeide/plugins/com.st.stm32cube.ide.mcu.externaltools.gnu-tools-for-stm32.9-2020-q2-update.win32_2.0.0.202105311346/tools/bin/../lib/gcc/arm-none-eabi/9.3.1/../../../../arm-none-eabi/lib/thumb/v7e-m+fp/hard\libc_nano.a(lib_a-errno.o)
 .ARM.attributes
                0x000000000000041b       0x32 c:/st/stm32cubeide_1.7.0/stm32cubeide/plugins/com.st.stm32cube.ide.mcu.externaltools.gnu-tools-for-stm32.9-2020-q2-update.win32_2.0.0.202105311346/tools/bin/../lib/gcc/arm-none-eabi/9.3.1/../../../../arm-none-eabi/lib/thumb/v7e-m+fp/hard\libc_nano.a(lib_a-impure.o)
 .ARM.attributes
                0x000000000000044d       0x34 c:/st/stm32cubeide_1.7.0/stm32cubeide/plugins/com.st.stm32cube.ide.mcu.externaltools.gnu-tools-for-stm32.9-2020-q2-update.win32_2.0.0.202105311346/tools/bin/../lib/gcc/arm-none-eabi/9.3.1/../../../../arm-none-eabi/lib/thumb/v7e-m+fp/hard\libc_nano.a(lib_a-init.o)
 .ARM.attributes
                0x0000000000000481       0x34 c:/st/stm32cubeide_1.7.0/stm32cubeide/plugins/com.st.stm32cube.ide.mcu.externaltools.gnu-tools-for-stm32.9-2020-q2-update.win32_2.0.0.202105311346/tools/bin/../lib/gcc/arm-none-eabi/9.3.1/../../../../arm-none-eabi/lib/thumb/v7e-m+fp/hard\libc_nano.a(lib_a-memset.o)
 .ARM.attributes
                0x00000000000004b5       0x17 c:/st/stm32cubeide_1.7.0/stm32cubeide/plugins/com.st.stm32cube.ide.mcu.externaltools.gnu-tools-for-stm32.9-2020-q2-update.win32_2.0.0.202105311346/tools/bin/../lib/gcc/arm-none-eabi/9.3.1/../../../../arm-none-eabi/lib/thumb/v7e-m+fp/hard\libc_nano.a(lib_a-strlen.o)
 .ARM.attributes
                0x00000000000004cc       0x34 c:/st/stm32cubeide_1.7.0/stm32cubeide/plugins/com.st.stm32cube.ide.mcu.externaltools.gnu-tools-for-stm32.9-2020-q2-update.win32_2.0.0.202105311346/tools/bin/../lib/gcc/arm-none-eabi/9.3.1/../../../../arm-none-eabi/lib/thumb/v7e-m+fp/hard\libm.a(lib_a-w_pow.o)
 .ARM.attributes
                0x0000000000000500       0x34 c:/st/stm32cubeide_1.7.0/stm32cubeide/plugins/com.st.stm32cube.ide.mcu.externaltools.gnu-tools-for-stm32.9-2020-q2-update.win32_2.0.0.202105311346/tools/bin/../lib/gcc/arm-none-eabi/9.3.1/../../../../arm-none-eabi/lib/thumb/v7e-m+fp/hard\libm.a(lib_a-e_pow.o)
 .ARM.attributes
                0x0000000000000534       0x34 c:/st/stm32cubeide_1.7.0/stm32cubeide/plugins/com.st.stm32cube.ide.mcu.externaltools.gnu-tools-for-stm32.9-2020-q2-update.win32_2.0.0.202105311346/tools/bin/../lib/gcc/arm-none-eabi/9.3.1/../../../../arm-none-eabi/lib/thumb/v7e-m+fp/hard\libm.a(lib_a-e_sqrt.o)
 .ARM.attributes
                0x0000000000000568       0x34 c:/st/stm32cubeide_1.7.0/stm32cubeide/plugins/com.st.stm32cube.ide.mcu.externaltools.gnu-tools-for-stm32.9-2020-q2-update.win32_2.0.0.202105311346/tools/bin/../lib/gcc/arm-none-eabi/9.3.1/../../../../arm-none-eabi/lib/thumb/v7e-m+fp/hard\libm.a(lib_a-s_fabs.o)
 .ARM.attributes
                0x000000000000059c       0x34 c:/st/stm32cubeide_1.7.0/stm32cubeide/plugins/com.st.stm32cube.ide.mcu.externaltools.gnu-tools-for-stm32.9-2020-q2-update.win32_2.0.0.202105311346/tools/bin/../lib/gcc/arm-none-eabi/9.3.1/../../../../arm-none-eabi/lib/thumb/v7e-m+fp/hard\libm.a(lib_a-s_finite.o)
 .ARM.attributes
                0x00000000000005d0       0x32 c:/st/stm32cubeide_1.7.0/stm32cubeide/plugins/com.st.stm32cube.ide.mcu.externaltools.gnu-tools-for-stm32.9-2020-q2-update.win32_2.0.0.202105311346/tools/bin/../lib/gcc/arm-none-eabi/9.3.1/../../../../arm-none-eabi/lib/thumb/v7e-m+fp/hard\libm.a(lib_a-s_lib_ver.o)
 .ARM.attributes
                0x0000000000000602       0x34 c:/st/stm32cubeide_1.7.0/stm32cubeide/plugins/com.st.stm32cube.ide.mcu.externaltools.gnu-tools-for-stm32.9-2020-q2-update.win32_2.0.0.202105311346/tools/bin/../lib/gcc/arm-none-eabi/9.3.1/../../../../arm-none-eabi/lib/thumb/v7e-m+fp/hard\libm.a(lib_a-s_nan.o)
 .ARM.attributes
                0x0000000000000636       0x34 c:/st/stm32cubeide_1.7.0/stm32cubeide/plugins/com.st.stm32cube.ide.mcu.externaltools.gnu-tools-for-stm32.9-2020-q2-update.win32_2.0.0.202105311346/tools/bin/../lib/gcc/arm-none-eabi/9.3.1/../../../../arm-none-eabi/lib/thumb/v7e-m+fp/hard\libm.a(lib_a-s_rint.o)
 .ARM.attributes
                0x000000000000066a       0x34 c:/st/stm32cubeide_1.7.0/stm32cubeide/plugins/com.st.stm32cube.ide.mcu.externaltools.gnu-tools-for-stm32.9-2020-q2-update.win32_2.0.0.202105311346/tools/bin/../lib/gcc/arm-none-eabi/9.3.1/../../../../arm-none-eabi/lib/thumb/v7e-m+fp/hard\libm.a(lib_a-s_scalbn.o)
 .ARM.attributes
                0x000000000000069e       0x1e c:/st/stm32cubeide_1.7.0/stm32cubeide/plugins/com.st.stm32cube.ide.mcu.externaltools.gnu-tools-for-stm32.9-2020-q2-update.win32_2.0.0.202105311346/tools/bin/../lib/gcc/arm-none-eabi/9.3.1/thumb/v7e-m+fp/hard\libgcc.a(_arm_addsubdf3.o)
 .ARM.attributes
                0x00000000000006bc       0x1e c:/st/stm32cubeide_1.7.0/stm32cubeide/plugins/com.st.stm32cube.ide.mcu.externaltools.gnu-tools-for-stm32.9-2020-q2-update.win32_2.0.0.202105311346/tools/bin/../lib/gcc/arm-none-eabi/9.3.1/thumb/v7e-m+fp/hard\libgcc.a(_arm_muldivdf3.o)
 .ARM.attributes
                0x00000000000006da       0x1e c:/st/stm32cubeide_1.7.0/stm32cubeide/plugins/com.st.stm32cube.ide.mcu.externaltools.gnu-tools-for-stm32.9-2020-q2-update.win32_2.0.0.202105311346/tools/bin/../lib/gcc/arm-none-eabi/9.3.1/thumb/v7e-m+fp/hard\libgcc.a(_arm_cmpdf2.o)
 .ARM.attributes
                0x00000000000006f8       0x1e c:/st/stm32cubeide_1.7.0/stm32cubeide/plugins/com.st.stm32cube.ide.mcu.externaltools.gnu-tools-for-stm32.9-2020-q2-update.win32_2.0.0.202105311346/tools/bin/../lib/gcc/arm-none-eabi/9.3.1/thumb/v7e-m+fp/hard\libgcc.a(_arm_unorddf2.o)
 .ARM.attributes
                0x0000000000000716       0x1e c:/st/stm32cubeide_1.7.0/stm32cubeide/plugins/com.st.stm32cube.ide.mcu.externaltools.gnu-tools-for-stm32.9-2020-q2-update.win32_2.0.0.202105311346/tools/bin/../lib/gcc/arm-none-eabi/9.3.1/thumb/v7e-m+fp/hard\libgcc.a(_arm_fixdfsi.o)
 .ARM.attributes
                0x0000000000000734       0x1e c:/st/stm32cubeide_1.7.0/stm32cubeide/plugins/com.st.stm32cube.ide.mcu.externaltools.gnu-tools-for-stm32.9-2020-q2-update.win32_2.0.0.202105311346/tools/bin/../lib/gcc/arm-none-eabi/9.3.1/thumb/v7e-m+fp/hard/crtn.o
OUTPUT(FinalProject.elf elf32-littlearm)
LOAD linker stubs
LOAD c:/st/stm32cubeide_1.7.0/stm32cubeide/plugins/com.st.stm32cube.ide.mcu.externaltools.gnu-tools-for-stm32.9-2020-q2-update.win32_2.0.0.202105311346/tools/bin/../lib/gcc/arm-none-eabi/9.3.1/../../../../arm-none-eabi/lib/thumb/v7e-m+fp/hard\libc.a
LOAD c:/st/stm32cubeide_1.7.0/stm32cubeide/plugins/com.st.stm32cube.ide.mcu.externaltools.gnu-tools-for-stm32.9-2020-q2-update.win32_2.0.0.202105311346/tools/bin/../lib/gcc/arm-none-eabi/9.3.1/../../../../arm-none-eabi/lib/thumb/v7e-m+fp/hard\libm.a
LOAD c:/st/stm32cubeide_1.7.0/stm32cubeide/plugins/com.st.stm32cube.ide.mcu.externaltools.gnu-tools-for-stm32.9-2020-q2-update.win32_2.0.0.202105311346/tools/bin/../lib/gcc/arm-none-eabi/9.3.1/thumb/v7e-m+fp/hard\libgcc.a

.debug_info     0x0000000000000000    0x114e2
 .debug_info    0x0000000000000000      0x468 ./Core/Src/Game_Logic.o
 .debug_info    0x0000000000000468      0x316 ./Core/Src/LCD_Util.o
 .debug_info    0x000000000000077e     0x1345 ./Core/Src/LiquidCrystal.o
 .debug_info    0x0000000000001ac3     0x1af3 ./Core/Src/main.o
 .debug_info    0x00000000000035b6     0x13f4 ./Core/Src/stm32f3xx_hal_msp.o
 .debug_info    0x00000000000049aa     0x1813 ./Core/Src/stm32f3xx_it.o
 .debug_info    0x00000000000061bd      0x49a ./Core/Src/system_stm32f3xx.o
 .debug_info    0x0000000000006657       0x22 ./Core/Startup/startup_stm32f303vctx.o
 .debug_info    0x0000000000006679      0x83d ./Drivers/STM32F3xx_HAL_Driver/Src/stm32f3xx_hal.o
 .debug_info    0x0000000000006eb6      0xc8d ./Drivers/STM32F3xx_HAL_Driver/Src/stm32f3xx_hal_adc.o
 .debug_info    0x0000000000007b43     0x16c7 ./Drivers/STM32F3xx_HAL_Driver/Src/stm32f3xx_hal_adc_ex.o
 .debug_info    0x000000000000920a      0xe44 ./Drivers/STM32F3xx_HAL_Driver/Src/stm32f3xx_hal_cortex.o
 .debug_info    0x000000000000a04e      0x779 ./Drivers/STM32F3xx_HAL_Driver/Src/stm32f3xx_hal_gpio.o
 .debug_info    0x000000000000a7c7     0x15b5 ./Drivers/STM32F3xx_HAL_Driver/Src/stm32f3xx_hal_rcc.o
 .debug_info    0x000000000000bd7c      0x6b4 ./Drivers/STM32F3xx_HAL_Driver/Src/stm32f3xx_hal_rcc_ex.o
 .debug_info    0x000000000000c430      0xd7e ./Drivers/STM32F3xx_HAL_Driver/Src/stm32f3xx_hal_rtc.o
 .debug_info    0x000000000000d1ae     0x2cf6 ./Drivers/STM32F3xx_HAL_Driver/Src/stm32f3xx_hal_tim.o
 .debug_info    0x000000000000fea4     0x163e ./Drivers/STM32F3xx_HAL_Driver/Src/stm32f3xx_hal_tim_ex.o

.debug_abbrev   0x0000000000000000     0x2550
 .debug_abbrev  0x0000000000000000      0x154 ./Core/Src/Game_Logic.o
 .debug_abbrev  0x0000000000000154      0x139 ./Core/Src/LCD_Util.o
 .debug_abbrev  0x000000000000028d      0x30a ./Core/Src/LiquidCrystal.o
 .debug_abbrev  0x0000000000000597      0x271 ./Core/Src/main.o
 .debug_abbrev  0x0000000000000808      0x21e ./Core/Src/stm32f3xx_hal_msp.o
 .debug_abbrev  0x0000000000000a26      0x32f ./Core/Src/stm32f3xx_it.o
 .debug_abbrev  0x0000000000000d55      0x145 ./Core/Src/system_stm32f3xx.o
 .debug_abbrev  0x0000000000000e9a       0x12 ./Core/Startup/startup_stm32f303vctx.o
 .debug_abbrev  0x0000000000000eac      0x1ed ./Drivers/STM32F3xx_HAL_Driver/Src/stm32f3xx_hal.o
 .debug_abbrev  0x0000000000001099      0x1a7 ./Drivers/STM32F3xx_HAL_Driver/Src/stm32f3xx_hal_adc.o
 .debug_abbrev  0x0000000000001240      0x253 ./Drivers/STM32F3xx_HAL_Driver/Src/stm32f3xx_hal_adc_ex.o
 .debug_abbrev  0x0000000000001493      0x33c ./Drivers/STM32F3xx_HAL_Driver/Src/stm32f3xx_hal_cortex.o
 .debug_abbrev  0x00000000000017cf      0x1e8 ./Drivers/STM32F3xx_HAL_Driver/Src/stm32f3xx_hal_gpio.o
 .debug_abbrev  0x00000000000019b7      0x2c4 ./Drivers/STM32F3xx_HAL_Driver/Src/stm32f3xx_hal_rcc.o
 .debug_abbrev  0x0000000000001c7b      0x23e ./Drivers/STM32F3xx_HAL_Driver/Src/stm32f3xx_hal_rcc_ex.o
 .debug_abbrev  0x0000000000001eb9      0x1d3 ./Drivers/STM32F3xx_HAL_Driver/Src/stm32f3xx_hal_rtc.o
 .debug_abbrev  0x000000000000208c      0x25e ./Drivers/STM32F3xx_HAL_Driver/Src/stm32f3xx_hal_tim.o
 .debug_abbrev  0x00000000000022ea      0x266 ./Drivers/STM32F3xx_HAL_Driver/Src/stm32f3xx_hal_tim_ex.o

.debug_aranges  0x0000000000000000      0xf08
 .debug_aranges
                0x0000000000000000       0x68 ./Core/Src/Game_Logic.o
 .debug_aranges
                0x0000000000000068       0x60 ./Core/Src/LCD_Util.o
 .debug_aranges
                0x00000000000000c8       0xf8 ./Core/Src/LiquidCrystal.o
 .debug_aranges
                0x00000000000001c0       0x68 ./Core/Src/main.o
 .debug_aranges
                0x0000000000000228       0x50 ./Core/Src/stm32f3xx_hal_msp.o
 .debug_aranges
                0x0000000000000278       0xc8 ./Core/Src/stm32f3xx_it.o
 .debug_aranges
                0x0000000000000340       0x28 ./Core/Src/system_stm32f3xx.o
 .debug_aranges
                0x0000000000000368       0x28 ./Core/Startup/startup_stm32f303vctx.o
 .debug_aranges
                0x0000000000000390       0xe0 ./Drivers/STM32F3xx_HAL_Driver/Src/stm32f3xx_hal.o
 .debug_aranges
                0x0000000000000470       0xc8 ./Drivers/STM32F3xx_HAL_Driver/Src/stm32f3xx_hal_adc.o
 .debug_aranges
                0x0000000000000538      0x168 ./Drivers/STM32F3xx_HAL_Driver/Src/stm32f3xx_hal_adc_ex.o
 .debug_aranges
                0x00000000000006a0      0x118 ./Drivers/STM32F3xx_HAL_Driver/Src/stm32f3xx_hal_cortex.o
 .debug_aranges
                0x00000000000007b8       0x58 ./Drivers/STM32F3xx_HAL_Driver/Src/stm32f3xx_hal_gpio.o
 .debug_aranges
                0x0000000000000810       0x88 ./Drivers/STM32F3xx_HAL_Driver/Src/stm32f3xx_hal_rcc.o
 .debug_aranges
                0x0000000000000898       0x38 ./Drivers/STM32F3xx_HAL_Driver/Src/stm32f3xx_hal_rcc_ex.o
 .debug_aranges
                0x00000000000008d0       0xe0 ./Drivers/STM32F3xx_HAL_Driver/Src/stm32f3xx_hal_rtc.o
 .debug_aranges
                0x00000000000009b0      0x3e0 ./Drivers/STM32F3xx_HAL_Driver/Src/stm32f3xx_hal_tim.o
 .debug_aranges
                0x0000000000000d90      0x178 ./Drivers/STM32F3xx_HAL_Driver/Src/stm32f3xx_hal_tim_ex.o

.debug_ranges   0x0000000000000000      0xdf0
 .debug_ranges  0x0000000000000000       0x58 ./Core/Src/Game_Logic.o
 .debug_ranges  0x0000000000000058       0x50 ./Core/Src/LCD_Util.o
 .debug_ranges  0x00000000000000a8       0xe8 ./Core/Src/LiquidCrystal.o
 .debug_ranges  0x0000000000000190       0x58 ./Core/Src/main.o
 .debug_ranges  0x00000000000001e8       0x40 ./Core/Src/stm32f3xx_hal_msp.o
 .debug_ranges  0x0000000000000228       0xb8 ./Core/Src/stm32f3xx_it.o
 .debug_ranges  0x00000000000002e0       0x18 ./Core/Src/system_stm32f3xx.o
 .debug_ranges  0x00000000000002f8       0x20 ./Core/Startup/startup_stm32f303vctx.o
 .debug_ranges  0x0000000000000318       0xd0 ./Drivers/STM32F3xx_HAL_Driver/Src/stm32f3xx_hal.o
 .debug_ranges  0x00000000000003e8       0xb8 ./Drivers/STM32F3xx_HAL_Driver/Src/stm32f3xx_hal_adc.o
 .debug_ranges  0x00000000000004a0      0x158 ./Drivers/STM32F3xx_HAL_Driver/Src/stm32f3xx_hal_adc_ex.o
 .debug_ranges  0x00000000000005f8      0x108 ./Drivers/STM32F3xx_HAL_Driver/Src/stm32f3xx_hal_cortex.o
 .debug_ranges  0x0000000000000700       0x48 ./Drivers/STM32F3xx_HAL_Driver/Src/stm32f3xx_hal_gpio.o
 .debug_ranges  0x0000000000000748       0x78 ./Drivers/STM32F3xx_HAL_Driver/Src/stm32f3xx_hal_rcc.o
 .debug_ranges  0x00000000000007c0       0x28 ./Drivers/STM32F3xx_HAL_Driver/Src/stm32f3xx_hal_rcc_ex.o
 .debug_ranges  0x00000000000007e8       0xd0 ./Drivers/STM32F3xx_HAL_Driver/Src/stm32f3xx_hal_rtc.o
 .debug_ranges  0x00000000000008b8      0x3d0 ./Drivers/STM32F3xx_HAL_Driver/Src/stm32f3xx_hal_tim.o
 .debug_ranges  0x0000000000000c88      0x168 ./Drivers/STM32F3xx_HAL_Driver/Src/stm32f3xx_hal_tim_ex.o

.debug_macro    0x0000000000000000    0x1f65e
 .debug_macro   0x0000000000000000      0x207 ./Core/Src/Game_Logic.o
 .debug_macro   0x0000000000000207      0xaa8 ./Core/Src/Game_Logic.o
 .debug_macro   0x0000000000000caf      0x15d ./Core/Src/Game_Logic.o
 .debug_macro   0x0000000000000e0c       0x2e ./Core/Src/Game_Logic.o
 .debug_macro   0x0000000000000e3a       0x28 ./Core/Src/Game_Logic.o
 .debug_macro   0x0000000000000e62       0x22 ./Core/Src/Game_Logic.o
 .debug_macro   0x0000000000000e84       0x8e ./Core/Src/Game_Logic.o
 .debug_macro   0x0000000000000f12       0x51 ./Core/Src/Game_Logic.o
 .debug_macro   0x0000000000000f63      0x103 ./Core/Src/Game_Logic.o
 .debug_macro   0x0000000000001066       0x6a ./Core/Src/Game_Logic.o
 .debug_macro   0x00000000000010d0      0x1df ./Core/Src/Game_Logic.o
 .debug_macro   0x00000000000012af       0x1c ./Core/Src/Game_Logic.o
 .debug_macro   0x00000000000012cb       0x22 ./Core/Src/Game_Logic.o
 .debug_macro   0x00000000000012ed       0xdf ./Core/Src/Game_Logic.o
 .debug_macro   0x00000000000013cc     0x102d ./Core/Src/Game_Logic.o
 .debug_macro   0x00000000000023f9      0x11f ./Core/Src/Game_Logic.o
 .debug_macro   0x0000000000002518    0x12a3a ./Core/Src/Game_Logic.o
 .debug_macro   0x0000000000014f52       0x6d ./Core/Src/Game_Logic.o
 .debug_macro   0x0000000000014fbf     0x3540 ./Core/Src/Game_Logic.o
 .debug_macro   0x00000000000184ff      0x174 ./Core/Src/Game_Logic.o
 .debug_macro   0x0000000000018673       0x55 ./Core/Src/Game_Logic.o
 .debug_macro   0x00000000000186c8      0x962 ./Core/Src/Game_Logic.o
 .debug_macro   0x000000000001902a      0x5fe ./Core/Src/Game_Logic.o
 .debug_macro   0x0000000000019628      0x1b6 ./Core/Src/Game_Logic.o
 .debug_macro   0x00000000000197de      0x1fb ./Core/Src/Game_Logic.o
 .debug_macro   0x00000000000199d9      0x1dc ./Core/Src/Game_Logic.o
 .debug_macro   0x0000000000019bb5      0x1bc ./Core/Src/Game_Logic.o
 .debug_macro   0x0000000000019d71       0x30 ./Core/Src/Game_Logic.o
 .debug_macro   0x0000000000019da1       0x3c ./Core/Src/Game_Logic.o
 .debug_macro   0x0000000000019ddd      0x236 ./Core/Src/Game_Logic.o
 .debug_macro   0x000000000001a013      0x9b1 ./Core/Src/Game_Logic.o
 .debug_macro   0x000000000001a9c4       0x77 ./Core/Src/Game_Logic.o
 .debug_macro   0x000000000001aa3b       0xc5 ./Core/Src/Game_Logic.o
 .debug_macro   0x000000000001ab00      0x21d ./Core/Src/Game_Logic.o
 .debug_macro   0x000000000001ad1d      0x22c ./Core/Src/Game_Logic.o
 .debug_macro   0x000000000001af49       0x5b ./Core/Src/Game_Logic.o
 .debug_macro   0x000000000001afa4       0xa5 ./Core/Src/Game_Logic.o
 .debug_macro   0x000000000001b049       0x81 ./Core/Src/Game_Logic.o
 .debug_macro   0x000000000001b0ca       0xd3 ./Core/Src/Game_Logic.o
 .debug_macro   0x000000000001b19d      0x30c ./Core/Src/Game_Logic.o
 .debug_macro   0x000000000001b4a9      0x3df ./Core/Src/Game_Logic.o
 .debug_macro   0x000000000001b888       0xeb ./Core/Src/Game_Logic.o
 .debug_macro   0x000000000001b973      0xa3d ./Core/Src/Game_Logic.o
 .debug_macro   0x000000000001c3b0       0x89 ./Core/Src/Game_Logic.o
 .debug_macro   0x000000000001c439      0x275 ./Core/Src/Game_Logic.o
 .debug_macro   0x000000000001c6ae       0xb2 ./Core/Src/Game_Logic.o
 .debug_macro   0x000000000001c760       0x2e ./Core/Src/Game_Logic.o
 .debug_macro   0x000000000001c78e      0x1fe ./Core/Src/LCD_Util.o
 .debug_macro   0x000000000001c98c      0x38d ./Core/Src/LiquidCrystal.o
 .debug_macro   0x000000000001cd19       0x52 ./Core/Src/LiquidCrystal.o
 .debug_macro   0x000000000001cd6b       0x18 ./Core/Src/LiquidCrystal.o
 .debug_macro   0x000000000001cd83       0x3c ./Core/Src/LiquidCrystal.o
 .debug_macro   0x000000000001cdbf       0x34 ./Core/Src/LiquidCrystal.o
 .debug_macro   0x000000000001cdf3       0x16 ./Core/Src/LiquidCrystal.o
 .debug_macro   0x000000000001ce09       0x35 ./Core/Src/LiquidCrystal.o
 .debug_macro   0x000000000001ce3e      0x333 ./Core/Src/LiquidCrystal.o
 .debug_macro   0x000000000001d171       0x10 ./Core/Src/LiquidCrystal.o
 .debug_macro   0x000000000001d181       0x16 ./Core/Src/LiquidCrystal.o
 .debug_macro   0x000000000001d197       0x43 ./Core/Src/LiquidCrystal.o
 .debug_macro   0x000000000001d1da       0x34 ./Core/Src/LiquidCrystal.o
 .debug_macro   0x000000000001d20e       0x10 ./Core/Src/LiquidCrystal.o
 .debug_macro   0x000000000001d21e       0x58 ./Core/Src/LiquidCrystal.o
 .debug_macro   0x000000000001d276       0x71 ./Core/Src/LiquidCrystal.o
 .debug_macro   0x000000000001d2e7       0x1c ./Core/Src/LiquidCrystal.o
 .debug_macro   0x000000000001d303      0x12a ./Core/Src/LiquidCrystal.o
 .debug_macro   0x000000000001d42d       0x10 ./Core/Src/LiquidCrystal.o
 .debug_macro   0x000000000001d43d       0x1c ./Core/Src/LiquidCrystal.o
 .debug_macro   0x000000000001d459       0x52 ./Core/Src/LiquidCrystal.o
 .debug_macro   0x000000000001d4ab       0x22 ./Core/Src/LiquidCrystal.o
 .debug_macro   0x000000000001d4cd       0x10 ./Core/Src/LiquidCrystal.o
 .debug_macro   0x000000000001d4dd       0x40 ./Core/Src/LiquidCrystal.o
 .debug_macro   0x000000000001d51d       0xd5 ./Core/Src/LiquidCrystal.o
 .debug_macro   0x000000000001d5f2       0x1c ./Core/Src/LiquidCrystal.o
 .debug_macro   0x000000000001d60e       0x3d ./Core/Src/LiquidCrystal.o
 .debug_macro   0x000000000001d64b       0x16 ./Core/Src/LiquidCrystal.o
 .debug_macro   0x000000000001d661      0x145 ./Core/Src/LiquidCrystal.o
 .debug_macro   0x000000000001d7a6       0x16 ./Core/Src/LiquidCrystal.o
 .debug_macro   0x000000000001d7bc       0x20 ./Core/Src/LiquidCrystal.o
 .debug_macro   0x000000000001d7dc      0x211 ./Core/Src/main.o
 .debug_macro   0x000000000001d9ed      0x1ff ./Core/Src/stm32f3xx_hal_msp.o
 .debug_macro   0x000000000001dbec      0x2c6 ./Core/Src/stm32f3xx_it.o
 .debug_macro   0x000000000001deb2      0x1a9 ./Core/Src/stm32f3xx_it.o
 .debug_macro   0x000000000001e05b      0x1f5 ./Core/Src/system_stm32f3xx.o
 .debug_macro   0x000000000001e250      0x219 ./Drivers/STM32F3xx_HAL_Driver/Src/stm32f3xx_hal.o
 .debug_macro   0x000000000001e469      0x1f6 ./Drivers/STM32F3xx_HAL_Driver/Src/stm32f3xx_hal_adc.o
 .debug_macro   0x000000000001e65f      0x21f ./Drivers/STM32F3xx_HAL_Driver/Src/stm32f3xx_hal_adc_ex.o
 .debug_macro   0x000000000001e87e      0x1f5 ./Drivers/STM32F3xx_HAL_Driver/Src/stm32f3xx_hal_cortex.o
 .debug_macro   0x000000000001ea73      0x1fc ./Drivers/STM32F3xx_HAL_Driver/Src/stm32f3xx_hal_gpio.o
 .debug_macro   0x000000000001ec6f      0x219 ./Drivers/STM32F3xx_HAL_Driver/Src/stm32f3xx_hal_rcc.o
 .debug_macro   0x000000000001ee88      0x1f5 ./Drivers/STM32F3xx_HAL_Driver/Src/stm32f3xx_hal_rcc_ex.o
 .debug_macro   0x000000000001f07d      0x1f6 ./Drivers/STM32F3xx_HAL_Driver/Src/stm32f3xx_hal_rtc.o
 .debug_macro   0x000000000001f273      0x1f6 ./Drivers/STM32F3xx_HAL_Driver/Src/stm32f3xx_hal_tim.o
 .debug_macro   0x000000000001f469      0x1f5 ./Drivers/STM32F3xx_HAL_Driver/Src/stm32f3xx_hal_tim_ex.o

.debug_line     0x0000000000000000    0x12285
 .debug_line    0x0000000000000000      0x97b ./Core/Src/Game_Logic.o
 .debug_line    0x000000000000097b      0x7f6 ./Core/Src/LCD_Util.o
 .debug_line    0x0000000000001171      0xe10 ./Core/Src/LiquidCrystal.o
 .debug_line    0x0000000000001f81      0xb19 ./Core/Src/main.o
 .debug_line    0x0000000000002a9a      0x84c ./Core/Src/stm32f3xx_hal_msp.o
 .debug_line    0x00000000000032e6      0xb84 ./Core/Src/stm32f3xx_it.o
 .debug_line    0x0000000000003e6a      0x797 ./Core/Src/system_stm32f3xx.o
 .debug_line    0x0000000000004601       0x88 ./Core/Startup/startup_stm32f303vctx.o
 .debug_line    0x0000000000004689      0x9cc ./Drivers/STM32F3xx_HAL_Driver/Src/stm32f3xx_hal.o
 .debug_line    0x0000000000005055      0x910 ./Drivers/STM32F3xx_HAL_Driver/Src/stm32f3xx_hal_adc.o
 .debug_line    0x0000000000005965     0x2748 ./Drivers/STM32F3xx_HAL_Driver/Src/stm32f3xx_hal_adc_ex.o
 .debug_line    0x00000000000080ad      0xc91 ./Drivers/STM32F3xx_HAL_Driver/Src/stm32f3xx_hal_cortex.o
 .debug_line    0x0000000000008d3e      0xb2d ./Drivers/STM32F3xx_HAL_Driver/Src/stm32f3xx_hal_gpio.o
 .debug_line    0x000000000000986b     0x13a6 ./Drivers/STM32F3xx_HAL_Driver/Src/stm32f3xx_hal_rcc.o
 .debug_line    0x000000000000ac11      0xd36 ./Drivers/STM32F3xx_HAL_Driver/Src/stm32f3xx_hal_rcc_ex.o
 .debug_line    0x000000000000b947     0x1186 ./Drivers/STM32F3xx_HAL_Driver/Src/stm32f3xx_hal_rtc.o
 .debug_line    0x000000000000cacd     0x3d0b ./Drivers/STM32F3xx_HAL_Driver/Src/stm32f3xx_hal_tim.o
 .debug_line    0x00000000000107d8     0x1aad ./Drivers/STM32F3xx_HAL_Driver/Src/stm32f3xx_hal_tim_ex.o

.debug_str      0x0000000000000000    0xc186a
 .debug_str     0x0000000000000000    0xb8daa ./Core/Src/Game_Logic.o
                                      0xb945d (size before relaxing)
 .debug_str     0x00000000000b8daa       0xc2 ./Core/Src/LCD_Util.o
                                      0xb938b (size before relaxing)
 .debug_str     0x00000000000b8e6c     0x43b5 ./Core/Src/LiquidCrystal.o
                                      0xbd706 (size before relaxing)
 .debug_str     0x00000000000bd221     0x1058 ./Core/Src/main.o
                                      0xba768 (size before relaxing)
 .debug_str     0x00000000000be279       0xb2 ./Core/Src/stm32f3xx_hal_msp.o
                                      0xb9f1a (size before relaxing)
 .debug_str     0x00000000000be32b      0x9e1 ./Core/Src/stm32f3xx_it.o
                                      0xbd6cc (size before relaxing)
 .debug_str     0x00000000000bed0c       0xb3 ./Core/Src/system_stm32f3xx.o
                                      0xb9161 (size before relaxing)
 .debug_str     0x00000000000bedbf       0x36 ./Core/Startup/startup_stm32f303vctx.o
                                         0x7b (size before relaxing)
 .debug_str     0x00000000000bedf5      0x317 ./Drivers/STM32F3xx_HAL_Driver/Src/stm32f3xx_hal.o
                                      0xb98fd (size before relaxing)
 .debug_str     0x00000000000bf10c      0x232 ./Drivers/STM32F3xx_HAL_Driver/Src/stm32f3xx_hal_adc.o
                                      0xb978c (size before relaxing)
 .debug_str     0x00000000000bf33e      0x6ba ./Drivers/STM32F3xx_HAL_Driver/Src/stm32f3xx_hal_adc_ex.o
                                      0xb9db9 (size before relaxing)
 .debug_str     0x00000000000bf9f8      0x38c ./Drivers/STM32F3xx_HAL_Driver/Src/stm32f3xx_hal_cortex.o
                                      0xb9a0b (size before relaxing)
 .debug_str     0x00000000000bfd84      0x137 ./Drivers/STM32F3xx_HAL_Driver/Src/stm32f3xx_hal_gpio.o
                                      0xb930c (size before relaxing)
 .debug_str     0x00000000000bfebb      0x2e9 ./Drivers/STM32F3xx_HAL_Driver/Src/stm32f3xx_hal_rcc.o
                                      0xb95cf (size before relaxing)
 .debug_str     0x00000000000c01a4       0xd8 ./Drivers/STM32F3xx_HAL_Driver/Src/stm32f3xx_hal_rcc_ex.o
                                      0xb9393 (size before relaxing)
 .debug_str     0x00000000000c027c      0x297 ./Drivers/STM32F3xx_HAL_Driver/Src/stm32f3xx_hal_rtc.o
                                      0xb9657 (size before relaxing)
 .debug_str     0x00000000000c0513      0xe07 ./Drivers/STM32F3xx_HAL_Driver/Src/stm32f3xx_hal_tim.o
                                      0xba524 (size before relaxing)
 .debug_str     0x00000000000c131a      0x550 ./Drivers/STM32F3xx_HAL_Driver/Src/stm32f3xx_hal_tim_ex.o
                                      0xb9d28 (size before relaxing)

.comment        0x0000000000000000       0x53
 .comment       0x0000000000000000       0x53 ./Core/Src/Game_Logic.o
                                         0x54 (size before relaxing)
 .comment       0x0000000000000053       0x54 ./Core/Src/LCD_Util.o
 .comment       0x0000000000000053       0x54 ./Core/Src/LiquidCrystal.o
 .comment       0x0000000000000053       0x54 ./Core/Src/main.o
 .comment       0x0000000000000053       0x54 ./Core/Src/stm32f3xx_hal_msp.o
 .comment       0x0000000000000053       0x54 ./Core/Src/stm32f3xx_it.o
 .comment       0x0000000000000053       0x54 ./Core/Src/system_stm32f3xx.o
 .comment       0x0000000000000053       0x54 ./Drivers/STM32F3xx_HAL_Driver/Src/stm32f3xx_hal.o
 .comment       0x0000000000000053       0x54 ./Drivers/STM32F3xx_HAL_Driver/Src/stm32f3xx_hal_adc.o
 .comment       0x0000000000000053       0x54 ./Drivers/STM32F3xx_HAL_Driver/Src/stm32f3xx_hal_adc_ex.o
 .comment       0x0000000000000053       0x54 ./Drivers/STM32F3xx_HAL_Driver/Src/stm32f3xx_hal_cortex.o
 .comment       0x0000000000000053       0x54 ./Drivers/STM32F3xx_HAL_Driver/Src/stm32f3xx_hal_gpio.o
 .comment       0x0000000000000053       0x54 ./Drivers/STM32F3xx_HAL_Driver/Src/stm32f3xx_hal_rcc.o
 .comment       0x0000000000000053       0x54 ./Drivers/STM32F3xx_HAL_Driver/Src/stm32f3xx_hal_rcc_ex.o
 .comment       0x0000000000000053       0x54 ./Drivers/STM32F3xx_HAL_Driver/Src/stm32f3xx_hal_rtc.o
 .comment       0x0000000000000053       0x54 ./Drivers/STM32F3xx_HAL_Driver/Src/stm32f3xx_hal_tim.o
 .comment       0x0000000000000053       0x54 ./Drivers/STM32F3xx_HAL_Driver/Src/stm32f3xx_hal_tim_ex.o

.debug_frame    0x0000000000000000     0x41bc
 .debug_frame   0x0000000000000000      0x144 ./Core/Src/Game_Logic.o
 .debug_frame   0x0000000000000144      0x114 ./Core/Src/LCD_Util.o
 .debug_frame   0x0000000000000258      0x394 ./Core/Src/LiquidCrystal.o
 .debug_frame   0x00000000000005ec      0x170 ./Core/Src/main.o
 .debug_frame   0x000000000000075c      0x118 ./Core/Src/stm32f3xx_hal_msp.o
 .debug_frame   0x0000000000000874      0x294 ./Core/Src/stm32f3xx_it.o
 .debug_frame   0x0000000000000b08       0x58 ./Core/Src/system_stm32f3xx.o
 .debug_frame   0x0000000000000b60      0x334 ./Drivers/STM32F3xx_HAL_Driver/Src/stm32f3xx_hal.o
 .debug_frame   0x0000000000000e94      0x380 ./Drivers/STM32F3xx_HAL_Driver/Src/stm32f3xx_hal_adc.o
 .debug_frame   0x0000000000001214      0x644 ./Drivers/STM32F3xx_HAL_Driver/Src/stm32f3xx_hal_adc_ex.o
 .debug_frame   0x0000000000001858      0x498 ./Drivers/STM32F3xx_HAL_Driver/Src/stm32f3xx_hal_cortex.o
 .debug_frame   0x0000000000001cf0      0x14c ./Drivers/STM32F3xx_HAL_Driver/Src/stm32f3xx_hal_gpio.o
 .debug_frame   0x0000000000001e3c      0x214 ./Drivers/STM32F3xx_HAL_Driver/Src/stm32f3xx_hal_rcc.o
 .debug_frame   0x0000000000002050       0xb4 ./Drivers/STM32F3xx_HAL_Driver/Src/stm32f3xx_hal_rcc_ex.o
 .debug_frame   0x0000000000002104      0x3d0 ./Drivers/STM32F3xx_HAL_Driver/Src/stm32f3xx_hal_rtc.o
 .debug_frame   0x00000000000024d4     0x121c ./Drivers/STM32F3xx_HAL_Driver/Src/stm32f3xx_hal_tim.o
 .debug_frame   0x00000000000036f0      0x688 ./Drivers/STM32F3xx_HAL_Driver/Src/stm32f3xx_hal_tim_ex.o
 .debug_frame   0x0000000000003d78       0x20 c:/st/stm32cubeide_1.7.0/stm32cubeide/plugins/com.st.stm32cube.ide.mcu.externaltools.gnu-tools-for-stm32.9-2020-q2-update.win32_2.0.0.202105311346/tools/bin/../lib/gcc/arm-none-eabi/9.3.1/../../../../arm-none-eabi/lib/thumb/v7e-m+fp/hard\libc_nano.a(lib_a-errno.o)
 .debug_frame   0x0000000000003d98       0x2c c:/st/stm32cubeide_1.7.0/stm32cubeide/plugins/com.st.stm32cube.ide.mcu.externaltools.gnu-tools-for-stm32.9-2020-q2-update.win32_2.0.0.202105311346/tools/bin/../lib/gcc/arm-none-eabi/9.3.1/../../../../arm-none-eabi/lib/thumb/v7e-m+fp/hard\libc_nano.a(lib_a-init.o)
 .debug_frame   0x0000000000003dc4       0x20 c:/st/stm32cubeide_1.7.0/stm32cubeide/plugins/com.st.stm32cube.ide.mcu.externaltools.gnu-tools-for-stm32.9-2020-q2-update.win32_2.0.0.202105311346/tools/bin/../lib/gcc/arm-none-eabi/9.3.1/../../../../arm-none-eabi/lib/thumb/v7e-m+fp/hard\libc_nano.a(lib_a-memset.o)
 .debug_frame   0x0000000000003de4       0x34 c:/st/stm32cubeide_1.7.0/stm32cubeide/plugins/com.st.stm32cube.ide.mcu.externaltools.gnu-tools-for-stm32.9-2020-q2-update.win32_2.0.0.202105311346/tools/bin/../lib/gcc/arm-none-eabi/9.3.1/../../../../arm-none-eabi/lib/thumb/v7e-m+fp/hard\libm.a(lib_a-w_pow.o)
 .debug_frame   0x0000000000003e18       0xa8 c:/st/stm32cubeide_1.7.0/stm32cubeide/plugins/com.st.stm32cube.ide.mcu.externaltools.gnu-tools-for-stm32.9-2020-q2-update.win32_2.0.0.202105311346/tools/bin/../lib/gcc/arm-none-eabi/9.3.1/../../../../arm-none-eabi/lib/thumb/v7e-m+fp/hard\libm.a(lib_a-e_pow.o)
 .debug_frame   0x0000000000003ec0       0x30 c:/st/stm32cubeide_1.7.0/stm32cubeide/plugins/com.st.stm32cube.ide.mcu.externaltools.gnu-tools-for-stm32.9-2020-q2-update.win32_2.0.0.202105311346/tools/bin/../lib/gcc/arm-none-eabi/9.3.1/../../../../arm-none-eabi/lib/thumb/v7e-m+fp/hard\libm.a(lib_a-e_sqrt.o)
 .debug_frame   0x0000000000003ef0       0x20 c:/st/stm32cubeide_1.7.0/stm32cubeide/plugins/com.st.stm32cube.ide.mcu.externaltools.gnu-tools-for-stm32.9-2020-q2-update.win32_2.0.0.202105311346/tools/bin/../lib/gcc/arm-none-eabi/9.3.1/../../../../arm-none-eabi/lib/thumb/v7e-m+fp/hard\libm.a(lib_a-s_fabs.o)
 .debug_frame   0x0000000000003f10       0x28 c:/st/stm32cubeide_1.7.0/stm32cubeide/plugins/com.st.stm32cube.ide.mcu.externaltools.gnu-tools-for-stm32.9-2020-q2-update.win32_2.0.0.202105311346/tools/bin/../lib/gcc/arm-none-eabi/9.3.1/../../../../arm-none-eabi/lib/thumb/v7e-m+fp/hard\libm.a(lib_a-s_finite.o)