stm32f3xx_it.c:92:6:NMI_Handler	4	static
stm32f3xx_it.c:106:6:HardFault_Handler	4	static
stm32f3xx_it.c:121:6:MemManage_Handler	4	static
stm32f3xx_it.c:136:6:BusFault_Handler	4	static
stm32f3xx_it.c:151:6:UsageFault_Handler	4	static
stm32f3xx_it.c:166:6:SVC_Handler	4	static
stm32f3xx_it.c:179:6:DebugMon_Handler	4	static
stm32f3xx_it.c:192:6:PendSV_Handler	4	static
stm32f3xx_it.c:205:6:SysTick_Handler	8	static
stm32f3xx_it.c:226:6:EXTI0_IRQHandler	8	static
stm32f3xx_it.c:249:6:EXTI3_IRQHandler	8	static
stm32f3xx_it.c:263:6:EXTI4_IRQHandler	8	static
stm32f3xx_it.c:277:6:ADC1_2_IRQHandler	16	static
stm32f3xx_it.c:295:6:EXTI9_5_IRQHandler	8	static
stm32f3xx_it.c:310:6:TIM2_IRQHandler	8	static
stm32f3xx_it.c:328:6:TIM3_IRQHandler	8	static
stm32f3xx_it.c:344:6:TIM4_IRQHandler	8	static
stm32f3xx_it.c:383:6:show_number_on_seven_segment	24	static
stm32f3xx_it.c:408:6:digits_off	8	static
stm32f3xx_it.c:416:6:digits_on	8	static
stm32f3xx_it.c:422:6:ic_input_value	24	static
stm32f3xx_it.c:434:5:BCD_Convertor	48	static
